../Core/Src/main.c:78:5:main	8	static
../Core/Src/main.c:134:6:SystemClock_Config	128	static
../Core/Src/main.c:188:13:SystemPower_Config	8	static
../Core/Src/main.c:212:13:MX_ADC4_Init	40	static
../Core/Src/main.c:273:13:MX_ICACHE_Init	8	static
../Core/Src/main.c:305:13:MX_SDMMC1_MMC_Init	8	static
../Core/Src/main.c:336:13:MX_USART1_UART_Init	8	static
../Core/Src/main.c:384:7:MX_USB_OTG_HS_PCD_Init	8	static
../Core/Src/main.c:419:13:MX_GPIO_Init	64	static
../Core/Src/main.c:516:6:HAL_TIM_PeriodElapsedCallback	16	static
../Core/Src/main.c:534:6:Error_Handler	4	static,ignoring_inline_asm
