09:51:08 **** Incremental Build of configuration Debug for project usb_cdc_acm_dk1 ****
make -j8 all 
arm-none-eabi-gcc "../USBX/App/app_usbx_device.c" -mcpu=cortex-m33 -std=gnu11 -g3 -DDEBUG -DUSE_HAL_DRIVER -DSTM32U5G9xx -DUX_INCLUDE_USER_DEFINE_FILE -DTX_INCLUDE_USER_DEFINE_FILE -DTX_SINGLE_MODE_NON_SECURE=1 -DFX_INCLUDE_USER_DEFINE_FILE -c -I../Core/Inc -I../Drivers/STM32U5xx_HAL_Driver/Inc -I../Drivers/STM32U5xx_HAL_Driver/Inc/Legacy -I../Drivers/CMSIS/Device/ST/STM32U5xx/Include -I../Drivers/CMSIS/Include -I../USBX/App -I../USBX/Target -I../Middlewares/ST/usbx/common/core/inc -I../Middlewares/ST/usbx/ports/generic/inc -I../Middlewares/ST/usbx/common/usbx_stm32_device_controllers -I../Middlewares/ST/usbx/common/usbx_device_classes/inc -I../AZURE_RTOS/App -I../Middlewares/ST/threadx/common/inc -I../Middlewares/ST/threadx/ports/cortex_m33/gnu/inc -I../FileX/App -I../FileX/Target -I../Middlewares/ST/filex/common/inc -I../Middlewares/ST/filex/ports/generic/inc -O0 -ffunction-sections -fdata-sections -Wall -fstack-usage -fcyclomatic-complexity -MMD -MP -MF"USBX/App/app_usbx_device.d" -MT"USBX/App/app_usbx_device.o" --specs=nano.specs -mfpu=fpv5-sp-d16 -mfloat-abi=hard -mthumb -o "USBX/App/app_usbx_device.o"
arm-none-eabi-gcc "../USBX/App/ux_device_cdc_acm.c" -mcpu=cortex-m33 -std=gnu11 -g3 -DDEBUG -DUSE_HAL_DRIVER -DSTM32U5G9xx -DUX_INCLUDE_USER_DEFINE_FILE -DTX_INCLUDE_USER_DEFINE_FILE -DTX_SINGLE_MODE_NON_SECURE=1 -DFX_INCLUDE_USER_DEFINE_FILE -c -I../Core/Inc -I../Drivers/STM32U5xx_HAL_Driver/Inc -I../Drivers/STM32U5xx_HAL_Driver/Inc/Legacy -I../Drivers/CMSIS/Device/ST/STM32U5xx/Include -I../Drivers/CMSIS/Include -I../USBX/App -I../USBX/Target -I../Middlewares/ST/usbx/common/core/inc -I../Middlewares/ST/usbx/ports/generic/inc -I../Middlewares/ST/usbx/common/usbx_stm32_device_controllers -I../Middlewares/ST/usbx/common/usbx_device_classes/inc -I../AZURE_RTOS/App -I../Middlewares/ST/threadx/common/inc -I../Middlewares/ST/threadx/ports/cortex_m33/gnu/inc -I../FileX/App -I../FileX/Target -I../Middlewares/ST/filex/common/inc -I../Middlewares/ST/filex/ports/generic/inc -O0 -ffunction-sections -fdata-sections -Wall -fstack-usage -fcyclomatic-complexity -MMD -MP -MF"USBX/App/ux_device_cdc_acm.d" -MT"USBX/App/ux_device_cdc_acm.o" --specs=nano.specs -mfpu=fpv5-sp-d16 -mfloat-abi=hard -mthumb -o "USBX/App/ux_device_cdc_acm.o"
arm-none-eabi-gcc "../USBX/App/ux_device_descriptors.c" -mcpu=cortex-m33 -std=gnu11 -g3 -DDEBUG -DUSE_HAL_DRIVER -DSTM32U5G9xx -DUX_INCLUDE_USER_DEFINE_FILE -DTX_INCLUDE_USER_DEFINE_FILE -DTX_SINGLE_MODE_NON_SECURE=1 -DFX_INCLUDE_USER_DEFINE_FILE -c -I../Core/Inc -I../Drivers/STM32U5xx_HAL_Driver/Inc -I../Drivers/STM32U5xx_HAL_Driver/Inc/Legacy -I../Drivers/CMSIS/Device/ST/STM32U5xx/Include -I../Drivers/CMSIS/Include -I../USBX/App -I../USBX/Target -I../Middlewares/ST/usbx/common/core/inc -I../Middlewares/ST/usbx/ports/generic/inc -I../Middlewares/ST/usbx/common/usbx_stm32_device_controllers -I../Middlewares/ST/usbx/common/usbx_device_classes/inc -I../AZURE_RTOS/App -I../Middlewares/ST/threadx/common/inc -I../Middlewares/ST/threadx/ports/cortex_m33/gnu/inc -I../FileX/App -I../FileX/Target -I../Middlewares/ST/filex/common/inc -I../Middlewares/ST/filex/ports/generic/inc -O0 -ffunction-sections -fdata-sections -Wall -fstack-usage -fcyclomatic-complexity -MMD -MP -MF"USBX/App/ux_device_descriptors.d" -MT"USBX/App/ux_device_descriptors.o" --specs=nano.specs -mfpu=fpv5-sp-d16 -mfloat-abi=hard -mthumb -o "USBX/App/ux_device_descriptors.o"
arm-none-eabi-gcc "../Middlewares/ST/usbx/common/usbx_stm32_device_controllers/ux_dcd_stm32_callback.c" -mcpu=cortex-m33 -std=gnu11 -g3 -DDEBUG -DUSE_HAL_DRIVER -DSTM32U5G9xx -DUX_INCLUDE_USER_DEFINE_FILE -DTX_INCLUDE_USER_DEFINE_FILE -DTX_SINGLE_MODE_NON_SECURE=1 -DFX_INCLUDE_USER_DEFINE_FILE -c -I../Core/Inc -I../Drivers/STM32U5xx_HAL_Driver/Inc -I../Drivers/STM32U5xx_HAL_Driver/Inc/Legacy -I../Drivers/CMSIS/Device/ST/STM32U5xx/Include -I../Drivers/CMSIS/Include -I../USBX/App -I../USBX/Target -I../Middlewares/ST/usbx/common/core/inc -I../Middlewares/ST/usbx/ports/generic/inc -I../Middlewares/ST/usbx/common/usbx_stm32_device_controllers -I../Middlewares/ST/usbx/common/usbx_device_classes/inc -I../AZURE_RTOS/App -I../Middlewares/ST/threadx/common/inc -I../Middlewares/ST/threadx/ports/cortex_m33/gnu/inc -I../FileX/App -I../FileX/Target -I../Middlewares/ST/filex/common/inc -I../Middlewares/ST/filex/ports/generic/inc -O0 -ffunction-sections -fdata-sections -Wall -fstack-usage -fcyclomatic-complexity -MMD -MP -MF"Middlewares/ST/usbx/common/usbx_stm32_device_controllers/ux_dcd_stm32_callback.d" -MT"Middlewares/ST/usbx/common/usbx_stm32_device_controllers/ux_dcd_stm32_callback.o" --specs=nano.specs -mfpu=fpv5-sp-d16 -mfloat-abi=hard -mthumb -o "Middlewares/ST/usbx/common/usbx_stm32_device_controllers/ux_dcd_stm32_callback.o"
arm-none-eabi-gcc "../Middlewares/ST/usbx/common/usbx_stm32_device_controllers/ux_dcd_stm32_endpoint_create.c" -mcpu=cortex-m33 -std=gnu11 -g3 -DDEBUG -DUSE_HAL_DRIVER -DSTM32U5G9xx -DUX_INCLUDE_USER_DEFINE_FILE -DTX_INCLUDE_USER_DEFINE_FILE -DTX_SINGLE_MODE_NON_SECURE=1 -DFX_INCLUDE_USER_DEFINE_FILE -c -I../Core/Inc -I../Drivers/STM32U5xx_HAL_Driver/Inc -I../Drivers/STM32U5xx_HAL_Driver/Inc/Legacy -I../Drivers/CMSIS/Device/ST/STM32U5xx/Include -I../Drivers/CMSIS/Include -I../USBX/App -I../USBX/Target -I../Middlewares/ST/usbx/common/core/inc -I../Middlewares/ST/usbx/ports/generic/inc -I../Middlewares/ST/usbx/common/usbx_stm32_device_controllers -I../Middlewares/ST/usbx/common/usbx_device_classes/inc -I../AZURE_RTOS/App -I../Middlewares/ST/threadx/common/inc -I../Middlewares/ST/threadx/ports/cortex_m33/gnu/inc -I../FileX/App -I../FileX/Target -I../Middlewares/ST/filex/common/inc -I../Middlewares/ST/filex/ports/generic/inc -O0 -ffunction-sections -fdata-sections -Wall -fstack-usage -fcyclomatic-complexity -MMD -MP -MF"Middlewares/ST/usbx/common/usbx_stm32_device_controllers/ux_dcd_stm32_endpoint_create.d" -MT"Middlewares/ST/usbx/common/usbx_stm32_device_controllers/ux_dcd_stm32_endpoint_create.o" --specs=nano.specs -mfpu=fpv5-sp-d16 -mfloat-abi=hard -mthumb -o "Middlewares/ST/usbx/common/usbx_stm32_device_controllers/ux_dcd_stm32_endpoint_create.o"
arm-none-eabi-gcc "../Middlewares/ST/usbx/common/usbx_stm32_device_controllers/ux_dcd_stm32_endpoint_destroy.c" -mcpu=cortex-m33 -std=gnu11 -g3 -DDEBUG -DUSE_HAL_DRIVER -DSTM32U5G9xx -DUX_INCLUDE_USER_DEFINE_FILE -DTX_INCLUDE_USER_DEFINE_FILE -DTX_SINGLE_MODE_NON_SECURE=1 -DFX_INCLUDE_USER_DEFINE_FILE -c -I../Core/Inc -I../Drivers/STM32U5xx_HAL_Driver/Inc -I../Drivers/STM32U5xx_HAL_Driver/Inc/Legacy -I../Drivers/CMSIS/Device/ST/STM32U5xx/Include -I../Drivers/CMSIS/Include -I../USBX/App -I../USBX/Target -I../Middlewares/ST/usbx/common/core/inc -I../Middlewares/ST/usbx/ports/generic/inc -I../Middlewares/ST/usbx/common/usbx_stm32_device_controllers -I../Middlewares/ST/usbx/common/usbx_device_classes/inc -I../AZURE_RTOS/App -I../Middlewares/ST/threadx/common/inc -I../Middlewares/ST/threadx/ports/cortex_m33/gnu/inc -I../FileX/App -I../FileX/Target -I../Middlewares/ST/filex/common/inc -I../Middlewares/ST/filex/ports/generic/inc -O0 -ffunction-sections -fdata-sections -Wall -fstack-usage -fcyclomatic-complexity -MMD -MP -MF"Middlewares/ST/usbx/common/usbx_stm32_device_controllers/ux_dcd_stm32_endpoint_destroy.d" -MT"Middlewares/ST/usbx/common/usbx_stm32_device_controllers/ux_dcd_stm32_endpoint_destroy.o" --specs=nano.specs -mfpu=fpv5-sp-d16 -mfloat-abi=hard -mthumb -o "Middlewares/ST/usbx/common/usbx_stm32_device_controllers/ux_dcd_stm32_endpoint_destroy.o"
arm-none-eabi-gcc "../Middlewares/ST/usbx/common/usbx_stm32_device_controllers/ux_dcd_stm32_endpoint_reset.c" -mcpu=cortex-m33 -std=gnu11 -g3 -DDEBUG -DUSE_HAL_DRIVER -DSTM32U5G9xx -DUX_INCLUDE_USER_DEFINE_FILE -DTX_INCLUDE_USER_DEFINE_FILE -DTX_SINGLE_MODE_NON_SECURE=1 -DFX_INCLUDE_USER_DEFINE_FILE -c -I../Core/Inc -I../Drivers/STM32U5xx_HAL_Driver/Inc -I../Drivers/STM32U5xx_HAL_Driver/Inc/Legacy -I../Drivers/CMSIS/Device/ST/STM32U5xx/Include -I../Drivers/CMSIS/Include -I../USBX/App -I../USBX/Target -I../Middlewares/ST/usbx/common/core/inc -I../Middlewares/ST/usbx/ports/generic/inc -I../Middlewares/ST/usbx/common/usbx_stm32_device_controllers -I../Middlewares/ST/usbx/common/usbx_device_classes/inc -I../AZURE_RTOS/App -I../Middlewares/ST/threadx/common/inc -I../Middlewares/ST/threadx/ports/cortex_m33/gnu/inc -I../FileX/App -I../FileX/Target -I../Middlewares/ST/filex/common/inc -I../Middlewares/ST/filex/ports/generic/inc -O0 -ffunction-sections -fdata-sections -Wall -fstack-usage -fcyclomatic-complexity -MMD -MP -MF"Middlewares/ST/usbx/common/usbx_stm32_device_controllers/ux_dcd_stm32_endpoint_reset.d" -MT"Middlewares/ST/usbx/common/usbx_stm32_device_controllers/ux_dcd_stm32_endpoint_reset.o" --specs=nano.specs -mfpu=fpv5-sp-d16 -mfloat-abi=hard -mthumb -o "Middlewares/ST/usbx/common/usbx_stm32_device_controllers/ux_dcd_stm32_endpoint_reset.o"
arm-none-eabi-gcc "../Middlewares/ST/usbx/common/usbx_stm32_device_controllers/ux_dcd_stm32_endpoint_stall.c" -mcpu=cortex-m33 -std=gnu11 -g3 -DDEBUG -DUSE_HAL_DRIVER -DSTM32U5G9xx -DUX_INCLUDE_USER_DEFINE_FILE -DTX_INCLUDE_USER_DEFINE_FILE -DTX_SINGLE_MODE_NON_SECURE=1 -DFX_INCLUDE_USER_DEFINE_FILE -c -I../Core/Inc -I../Drivers/STM32U5xx_HAL_Driver/Inc -I../Drivers/STM32U5xx_HAL_Driver/Inc/Legacy -I../Drivers/CMSIS/Device/ST/STM32U5xx/Include -I../Drivers/CMSIS/Include -I../USBX/App -I../USBX/Target -I../Middlewares/ST/usbx/common/core/inc -I../Middlewares/ST/usbx/ports/generic/inc -I../Middlewares/ST/usbx/common/usbx_stm32_device_controllers -I../Middlewares/ST/usbx/common/usbx_device_classes/inc -I../AZURE_RTOS/App -I../Middlewares/ST/threadx/common/inc -I../Middlewares/ST/threadx/ports/cortex_m33/gnu/inc -I../FileX/App -I../FileX/Target -I../Middlewares/ST/filex/common/inc -I../Middlewares/ST/filex/ports/generic/inc -O0 -ffunction-sections -fdata-sections -Wall -fstack-usage -fcyclomatic-complexity -MMD -MP -MF"Middlewares/ST/usbx/common/usbx_stm32_device_controllers/ux_dcd_stm32_endpoint_stall.d" -MT"Middlewares/ST/usbx/common/usbx_stm32_device_controllers/ux_dcd_stm32_endpoint_stall.o" --specs=nano.specs -mfpu=fpv5-sp-d16 -mfloat-abi=hard -mthumb -o "Middlewares/ST/usbx/common/usbx_stm32_device_controllers/ux_dcd_stm32_endpoint_stall.o"
../USBX/App/ux_device_cdc_acm.c: In function 'filex_write_test':
../USBX/App/ux_device_cdc_acm.c:138:9: warning: implicit declaration of function 'Error_Handler' [-Wimplicit-function-declaration]
  138 |         Error_Handler();
      |         ^~~~~~~~~~~~~
../USBX/App/ux_device_cdc_acm.c: In function 'usbx_cdc_acm_read_thread_entry':
../USBX/App/ux_device_cdc_acm.c:163:15: warning: unused variable 'file_opened' [-Wunused-variable]
  163 |       uint8_t file_opened = 0;
      |               ^~~~~~~~~~~
../USBX/App/ux_device_cdc_acm.c:162:13: warning: unused variable 'total_bytes_written' [-Wunused-variable]
  162 |       ULONG total_bytes_written = 0;
      |             ^~~~~~~~~~~~~~~~~~~
../USBX/App/ux_device_cdc_acm.c:161:15: warning: unused variable 'UserRxBuffer' [-Wunused-variable]
  161 |       uint8_t UserRxBuffer[64];
      |               ^~~~~~~~~~~~
../USBX/App/ux_device_cdc_acm.c:160:13: warning: unused variable 'rx_actual_length' [-Wunused-variable]
  160 |       ULONG rx_actual_length;
      |             ^~~~~~~~~~~~~~~~
arm-none-eabi-gcc "../Middlewares/ST/usbx/common/usbx_stm32_device_controllers/ux_dcd_stm32_endpoint_status.c" -mcpu=cortex-m33 -std=gnu11 -g3 -DDEBUG -DUSE_HAL_DRIVER -DSTM32U5G9xx -DUX_INCLUDE_USER_DEFINE_FILE -DTX_INCLUDE_USER_DEFINE_FILE -DTX_SINGLE_MODE_NON_SECURE=1 -DFX_INCLUDE_USER_DEFINE_FILE -c -I../Core/Inc -I../Drivers/STM32U5xx_HAL_Driver/Inc -I../Drivers/STM32U5xx_HAL_Driver/Inc/Legacy -I../Drivers/CMSIS/Device/ST/STM32U5xx/Include -I../Drivers/CMSIS/Include -I../USBX/App -I../USBX/Target -I../Middlewares/ST/usbx/common/core/inc -I../Middlewares/ST/usbx/ports/generic/inc -I../Middlewares/ST/usbx/common/usbx_stm32_device_controllers -I../Middlewares/ST/usbx/common/usbx_device_classes/inc -I../AZURE_RTOS/App -I../Middlewares/ST/threadx/common/inc -I../Middlewares/ST/threadx/ports/cortex_m33/gnu/inc -I../FileX/App -I../FileX/Target -I../Middlewares/ST/filex/common/inc -I../Middlewares/ST/filex/ports/generic/inc -O0 -ffunction-sections -fdata-sections -Wall -fstack-usage -fcyclomatic-complexity -MMD -MP -MF"Middlewares/ST/usbx/common/usbx_stm32_device_controllers/ux_dcd_stm32_endpoint_status.d" -MT"Middlewares/ST/usbx/common/usbx_stm32_device_controllers/ux_dcd_stm32_endpoint_status.o" --specs=nano.specs -mfpu=fpv5-sp-d16 -mfloat-abi=hard -mthumb -o "Middlewares/ST/usbx/common/usbx_stm32_device_controllers/ux_dcd_stm32_endpoint_status.o"
arm-none-eabi-gcc "../Middlewares/ST/usbx/common/usbx_stm32_device_controllers/ux_dcd_stm32_frame_number_get.c" -mcpu=cortex-m33 -std=gnu11 -g3 -DDEBUG -DUSE_HAL_DRIVER -DSTM32U5G9xx -DUX_INCLUDE_USER_DEFINE_FILE -DTX_INCLUDE_USER_DEFINE_FILE -DTX_SINGLE_MODE_NON_SECURE=1 -DFX_INCLUDE_USER_DEFINE_FILE -c -I../Core/Inc -I../Drivers/STM32U5xx_HAL_Driver/Inc -I../Drivers/STM32U5xx_HAL_Driver/Inc/Legacy -I../Drivers/CMSIS/Device/ST/STM32U5xx/Include -I../Drivers/CMSIS/Include -I../USBX/App -I../USBX/Target -I../Middlewares/ST/usbx/common/core/inc -I../Middlewares/ST/usbx/ports/generic/inc -I../Middlewares/ST/usbx/common/usbx_stm32_device_controllers -I../Middlewares/ST/usbx/common/usbx_device_classes/inc -I../AZURE_RTOS/App -I../Middlewares/ST/threadx/common/inc -I../Middlewares/ST/threadx/ports/cortex_m33/gnu/inc -I../FileX/App -I../FileX/Target -I../Middlewares/ST/filex/common/inc -I../Middlewares/ST/filex/ports/generic/inc -O0 -ffunction-sections -fdata-sections -Wall -fstack-usage -fcyclomatic-complexity -MMD -MP -MF"Middlewares/ST/usbx/common/usbx_stm32_device_controllers/ux_dcd_stm32_frame_number_get.d" -MT"Middlewares/ST/usbx/common/usbx_stm32_device_controllers/ux_dcd_stm32_frame_number_get.o" --specs=nano.specs -mfpu=fpv5-sp-d16 -mfloat-abi=hard -mthumb -o "Middlewares/ST/usbx/common/usbx_stm32_device_controllers/ux_dcd_stm32_frame_number_get.o"
arm-none-eabi-gcc "../Middlewares/ST/usbx/common/usbx_stm32_device_controllers/ux_dcd_stm32_function.c" -mcpu=cortex-m33 -std=gnu11 -g3 -DDEBUG -DUSE_HAL_DRIVER -DSTM32U5G9xx -DUX_INCLUDE_USER_DEFINE_FILE -DTX_INCLUDE_USER_DEFINE_FILE -DTX_SINGLE_MODE_NON_SECURE=1 -DFX_INCLUDE_USER_DEFINE_FILE -c -I../Core/Inc -I../Drivers/STM32U5xx_HAL_Driver/Inc -I../Drivers/STM32U5xx_HAL_Driver/Inc/Legacy -I../Drivers/CMSIS/Device/ST/STM32U5xx/Include -I../Drivers/CMSIS/Include -I../USBX/App -I../USBX/Target -I../Middlewares/ST/usbx/common/core/inc -I../Middlewares/ST/usbx/ports/generic/inc -I../Middlewares/ST/usbx/common/usbx_stm32_device_controllers -I../Middlewares/ST/usbx/common/usbx_device_classes/inc -I../AZURE_RTOS/App -I../Middlewares/ST/threadx/common/inc -I../Middlewares/ST/threadx/ports/cortex_m33/gnu/inc -I../FileX/App -I../FileX/Target -I../Middlewares/ST/filex/common/inc -I../Middlewares/ST/filex/ports/generic/inc -O0 -ffunction-sections -fdata-sections -Wall -fstack-usage -fcyclomatic-complexity -MMD -MP -MF"Middlewares/ST/usbx/common/usbx_stm32_device_controllers/ux_dcd_stm32_function.d" -MT"Middlewares/ST/usbx/common/usbx_stm32_device_controllers/ux_dcd_stm32_function.o" --specs=nano.specs -mfpu=fpv5-sp-d16 -mfloat-abi=hard -mthumb -o "Middlewares/ST/usbx/common/usbx_stm32_device_controllers/ux_dcd_stm32_function.o"
arm-none-eabi-gcc "../Middlewares/ST/usbx/common/usbx_stm32_device_controllers/ux_dcd_stm32_initialize.c" -mcpu=cortex-m33 -std=gnu11 -g3 -DDEBUG -DUSE_HAL_DRIVER -DSTM32U5G9xx -DUX_INCLUDE_USER_DEFINE_FILE -DTX_INCLUDE_USER_DEFINE_FILE -DTX_SINGLE_MODE_NON_SECURE=1 -DFX_INCLUDE_USER_DEFINE_FILE -c -I../Core/Inc -I../Drivers/STM32U5xx_HAL_Driver/Inc -I../Drivers/STM32U5xx_HAL_Driver/Inc/Legacy -I../Drivers/CMSIS/Device/ST/STM32U5xx/Include -I../Drivers/CMSIS/Include -I../USBX/App -I../USBX/Target -I../Middlewares/ST/usbx/common/core/inc -I../Middlewares/ST/usbx/ports/generic/inc -I../Middlewares/ST/usbx/common/usbx_stm32_device_controllers -I../Middlewares/ST/usbx/common/usbx_device_classes/inc -I../AZURE_RTOS/App -I../Middlewares/ST/threadx/common/inc -I../Middlewares/ST/threadx/ports/cortex_m33/gnu/inc -I../FileX/App -I../FileX/Target -I../Middlewares/ST/filex/common/inc -I../Middlewares/ST/filex/ports/generic/inc -O0 -ffunction-sections -fdata-sections -Wall -fstack-usage -fcyclomatic-complexity -MMD -MP -MF"Middlewares/ST/usbx/common/usbx_stm32_device_controllers/ux_dcd_stm32_initialize.d" -MT"Middlewares/ST/usbx/common/usbx_stm32_device_controllers/ux_dcd_stm32_initialize.o" --specs=nano.specs -mfpu=fpv5-sp-d16 -mfloat-abi=hard -mthumb -o "Middlewares/ST/usbx/common/usbx_stm32_device_controllers/ux_dcd_stm32_initialize.o"
arm-none-eabi-gcc "../Middlewares/ST/usbx/common/usbx_stm32_device_controllers/ux_dcd_stm32_initialize_complete.c" -mcpu=cortex-m33 -std=gnu11 -g3 -DDEBUG -DUSE_HAL_DRIVER -DSTM32U5G9xx -DUX_INCLUDE_USER_DEFINE_FILE -DTX_INCLUDE_USER_DEFINE_FILE -DTX_SINGLE_MODE_NON_SECURE=1 -DFX_INCLUDE_USER_DEFINE_FILE -c -I../Core/Inc -I../Drivers/STM32U5xx_HAL_Driver/Inc -I../Drivers/STM32U5xx_HAL_Driver/Inc/Legacy -I../Drivers/CMSIS/Device/ST/STM32U5xx/Include -I../Drivers/CMSIS/Include -I../USBX/App -I../USBX/Target -I../Middlewares/ST/usbx/common/core/inc -I../Middlewares/ST/usbx/ports/generic/inc -I../Middlewares/ST/usbx/common/usbx_stm32_device_controllers -I../Middlewares/ST/usbx/common/usbx_device_classes/inc -I../AZURE_RTOS/App -I../Middlewares/ST/threadx/common/inc -I../Middlewares/ST/threadx/ports/cortex_m33/gnu/inc -I../FileX/App -I../FileX/Target -I../Middlewares/ST/filex/common/inc -I../Middlewares/ST/filex/ports/generic/inc -O0 -ffunction-sections -fdata-sections -Wall -fstack-usage -fcyclomatic-complexity -MMD -MP -MF"Middlewares/ST/usbx/common/usbx_stm32_device_controllers/ux_dcd_stm32_initialize_complete.d" -MT"Middlewares/ST/usbx/common/usbx_stm32_device_controllers/ux_dcd_stm32_initialize_complete.o" --specs=nano.specs -mfpu=fpv5-sp-d16 -mfloat-abi=hard -mthumb -o "Middlewares/ST/usbx/common/usbx_stm32_device_controllers/ux_dcd_stm32_initialize_complete.o"
arm-none-eabi-gcc "../Middlewares/ST/usbx/common/usbx_stm32_device_controllers/ux_dcd_stm32_interrupt_handler.c" -mcpu=cortex-m33 -std=gnu11 -g3 -DDEBUG -DUSE_HAL_DRIVER -DSTM32U5G9xx -DUX_INCLUDE_USER_DEFINE_FILE -DTX_INCLUDE_USER_DEFINE_FILE -DTX_SINGLE_MODE_NON_SECURE=1 -DFX_INCLUDE_USER_DEFINE_FILE -c -I../Core/Inc -I../Drivers/STM32U5xx_HAL_Driver/Inc -I../Drivers/STM32U5xx_HAL_Driver/Inc/Legacy -I../Drivers/CMSIS/Device/ST/STM32U5xx/Include -I../Drivers/CMSIS/Include -I../USBX/App -I../USBX/Target -I../Middlewares/ST/usbx/common/core/inc -I../Middlewares/ST/usbx/ports/generic/inc -I../Middlewares/ST/usbx/common/usbx_stm32_device_controllers -I../Middlewares/ST/usbx/common/usbx_device_classes/inc -I../AZURE_RTOS/App -I../Middlewares/ST/threadx/common/inc -I../Middlewares/ST/threadx/ports/cortex_m33/gnu/inc -I../FileX/App -I../FileX/Target -I../Middlewares/ST/filex/common/inc -I../Middlewares/ST/filex/ports/generic/inc -O0 -ffunction-sections -fdata-sections -Wall -fstack-usage -fcyclomatic-complexity -MMD -MP -MF"Middlewares/ST/usbx/common/usbx_stm32_device_controllers/ux_dcd_stm32_interrupt_handler.d" -MT"Middlewares/ST/usbx/common/usbx_stm32_device_controllers/ux_dcd_stm32_interrupt_handler.o" --specs=nano.specs -mfpu=fpv5-sp-d16 -mfloat-abi=hard -mthumb -o "Middlewares/ST/usbx/common/usbx_stm32_device_controllers/ux_dcd_stm32_interrupt_handler.o"
arm-none-eabi-gcc "../Middlewares/ST/usbx/common/usbx_stm32_device_controllers/ux_dcd_stm32_transfer_abort.c" -mcpu=cortex-m33 -std=gnu11 -g3 -DDEBUG -DUSE_HAL_DRIVER -DSTM32U5G9xx -DUX_INCLUDE_USER_DEFINE_FILE -DTX_INCLUDE_USER_DEFINE_FILE -DTX_SINGLE_MODE_NON_SECURE=1 -DFX_INCLUDE_USER_DEFINE_FILE -c -I../Core/Inc -I../Drivers/STM32U5xx_HAL_Driver/Inc -I../Drivers/STM32U5xx_HAL_Driver/Inc/Legacy -I../Drivers/CMSIS/Device/ST/STM32U5xx/Include -I../Drivers/CMSIS/Include -I../USBX/App -I../USBX/Target -I../Middlewares/ST/usbx/common/core/inc -I../Middlewares/ST/usbx/ports/generic/inc -I../Middlewares/ST/usbx/common/usbx_stm32_device_controllers -I../Middlewares/ST/usbx/common/usbx_device_classes/inc -I../AZURE_RTOS/App -I../Middlewares/ST/threadx/common/inc -I../Middlewares/ST/threadx/ports/cortex_m33/gnu/inc -I../FileX/App -I../FileX/Target -I../Middlewares/ST/filex/common/inc -I../Middlewares/ST/filex/ports/generic/inc -O0 -ffunction-sections -fdata-sections -Wall -fstack-usage -fcyclomatic-complexity -MMD -MP -MF"Middlewares/ST/usbx/common/usbx_stm32_device_controllers/ux_dcd_stm32_transfer_abort.d" -MT"Middlewares/ST/usbx/common/usbx_stm32_device_controllers/ux_dcd_stm32_transfer_abort.o" --specs=nano.specs -mfpu=fpv5-sp-d16 -mfloat-abi=hard -mthumb -o "Middlewares/ST/usbx/common/usbx_stm32_device_controllers/ux_dcd_stm32_transfer_abort.o"
arm-none-eabi-gcc "../Middlewares/ST/usbx/common/usbx_stm32_device_controllers/ux_dcd_stm32_transfer_request.c" -mcpu=cortex-m33 -std=gnu11 -g3 -DDEBUG -DUSE_HAL_DRIVER -DSTM32U5G9xx -DUX_INCLUDE_USER_DEFINE_FILE -DTX_INCLUDE_USER_DEFINE_FILE -DTX_SINGLE_MODE_NON_SECURE=1 -DFX_INCLUDE_USER_DEFINE_FILE -c -I../Core/Inc -I../Drivers/STM32U5xx_HAL_Driver/Inc -I../Drivers/STM32U5xx_HAL_Driver/Inc/Legacy -I../Drivers/CMSIS/Device/ST/STM32U5xx/Include -I../Drivers/CMSIS/Include -I../USBX/App -I../USBX/Target -I../Middlewares/ST/usbx/common/core/inc -I../Middlewares/ST/usbx/ports/generic/inc -I../Middlewares/ST/usbx/common/usbx_stm32_device_controllers -I../Middlewares/ST/usbx/common/usbx_device_classes/inc -I../AZURE_RTOS/App -I../Middlewares/ST/threadx/common/inc -I../Middlewares/ST/threadx/ports/cortex_m33/gnu/inc -I../FileX/App -I../FileX/Target -I../Middlewares/ST/filex/common/inc -I../Middlewares/ST/filex/ports/generic/inc -O0 -ffunction-sections -fdata-sections -Wall -fstack-usage -fcyclomatic-complexity -MMD -MP -MF"Middlewares/ST/usbx/common/usbx_stm32_device_controllers/ux_dcd_stm32_transfer_request.d" -MT"Middlewares/ST/usbx/common/usbx_stm32_device_controllers/ux_dcd_stm32_transfer_request.o" --specs=nano.specs -mfpu=fpv5-sp-d16 -mfloat-abi=hard -mthumb -o "Middlewares/ST/usbx/common/usbx_stm32_device_controllers/ux_dcd_stm32_transfer_request.o"
arm-none-eabi-gcc "../Middlewares/ST/usbx/common/usbx_stm32_device_controllers/ux_dcd_stm32_transfer_run.c" -mcpu=cortex-m33 -std=gnu11 -g3 -DDEBUG -DUSE_HAL_DRIVER -DSTM32U5G9xx -DUX_INCLUDE_USER_DEFINE_FILE -DTX_INCLUDE_USER_DEFINE_FILE -DTX_SINGLE_MODE_NON_SECURE=1 -DFX_INCLUDE_USER_DEFINE_FILE -c -I../Core/Inc -I../Drivers/STM32U5xx_HAL_Driver/Inc -I../Drivers/STM32U5xx_HAL_Driver/Inc/Legacy -I../Drivers/CMSIS/Device/ST/STM32U5xx/Include -I../Drivers/CMSIS/Include -I../USBX/App -I../USBX/Target -I../Middlewares/ST/usbx/common/core/inc -I../Middlewares/ST/usbx/ports/generic/inc -I../Middlewares/ST/usbx/common/usbx_stm32_device_controllers -I../Middlewares/ST/usbx/common/usbx_device_classes/inc -I../AZURE_RTOS/App -I../Middlewares/ST/threadx/common/inc -I../Middlewares/ST/threadx/ports/cortex_m33/gnu/inc -I../FileX/App -I../FileX/Target -I../Middlewares/ST/filex/common/inc -I../Middlewares/ST/filex/ports/generic/inc -O0 -ffunction-sections -fdata-sections -Wall -fstack-usage -fcyclomatic-complexity -MMD -MP -MF"Middlewares/ST/usbx/common/usbx_stm32_device_controllers/ux_dcd_stm32_transfer_run.d" -MT"Middlewares/ST/usbx/common/usbx_stm32_device_controllers/ux_dcd_stm32_transfer_run.o" --specs=nano.specs -mfpu=fpv5-sp-d16 -mfloat-abi=hard -mthumb -o "Middlewares/ST/usbx/common/usbx_stm32_device_controllers/ux_dcd_stm32_transfer_run.o"
arm-none-eabi-gcc "../Middlewares/ST/usbx/common/usbx_stm32_device_controllers/ux_dcd_stm32_uninitialize.c" -mcpu=cortex-m33 -std=gnu11 -g3 -DDEBUG -DUSE_HAL_DRIVER -DSTM32U5G9xx -DUX_INCLUDE_USER_DEFINE_FILE -DTX_INCLUDE_USER_DEFINE_FILE -DTX_SINGLE_MODE_NON_SECURE=1 -DFX_INCLUDE_USER_DEFINE_FILE -c -I../Core/Inc -I../Drivers/STM32U5xx_HAL_Driver/Inc -I../Drivers/STM32U5xx_HAL_Driver/Inc/Legacy -I../Drivers/CMSIS/Device/ST/STM32U5xx/Include -I../Drivers/CMSIS/Include -I../USBX/App -I../USBX/Target -I../Middlewares/ST/usbx/common/core/inc -I../Middlewares/ST/usbx/ports/generic/inc -I../Middlewares/ST/usbx/common/usbx_stm32_device_controllers -I../Middlewares/ST/usbx/common/usbx_device_classes/inc -I../AZURE_RTOS/App -I../Middlewares/ST/threadx/common/inc -I../Middlewares/ST/threadx/ports/cortex_m33/gnu/inc -I../FileX/App -I../FileX/Target -I../Middlewares/ST/filex/common/inc -I../Middlewares/ST/filex/ports/generic/inc -O0 -ffunction-sections -fdata-sections -Wall -fstack-usage -fcyclomatic-complexity -MMD -MP -MF"Middlewares/ST/usbx/common/usbx_stm32_device_controllers/ux_dcd_stm32_uninitialize.d" -MT"Middlewares/ST/usbx/common/usbx_stm32_device_controllers/ux_dcd_stm32_uninitialize.o" --specs=nano.specs -mfpu=fpv5-sp-d16 -mfloat-abi=hard -mthumb -o "Middlewares/ST/usbx/common/usbx_stm32_device_controllers/ux_dcd_stm32_uninitialize.o"
arm-none-eabi-gcc "../Middlewares/ST/filex/common/drivers/fx_stm32_mmc_driver.c" -mcpu=cortex-m33 -std=gnu11 -g3 -DDEBUG -DUSE_HAL_DRIVER -DSTM32U5G9xx -DUX_INCLUDE_USER_DEFINE_FILE -DTX_INCLUDE_USER_DEFINE_FILE -DTX_SINGLE_MODE_NON_SECURE=1 -DFX_INCLUDE_USER_DEFINE_FILE -c -I../Core/Inc -I../Drivers/STM32U5xx_HAL_Driver/Inc -I../Drivers/STM32U5xx_HAL_Driver/Inc/Legacy -I../Drivers/CMSIS/Device/ST/STM32U5xx/Include -I../Drivers/CMSIS/Include -I../USBX/App -I../USBX/Target -I../Middlewares/ST/usbx/common/core/inc -I../Middlewares/ST/usbx/ports/generic/inc -I../Middlewares/ST/usbx/common/usbx_stm32_device_controllers -I../Middlewares/ST/usbx/common/usbx_device_classes/inc -I../AZURE_RTOS/App -I../Middlewares/ST/threadx/common/inc -I../Middlewares/ST/threadx/ports/cortex_m33/gnu/inc -I../FileX/App -I../FileX/Target -I../Middlewares/ST/filex/common/inc -I../Middlewares/ST/filex/ports/generic/inc -O0 -ffunction-sections -fdata-sections -Wall -fstack-usage -fcyclomatic-complexity -MMD -MP -MF"Middlewares/ST/filex/common/drivers/fx_stm32_mmc_driver.d" -MT"Middlewares/ST/filex/common/drivers/fx_stm32_mmc_driver.o" --specs=nano.specs -mfpu=fpv5-sp-d16 -mfloat-abi=hard -mthumb -o "Middlewares/ST/filex/common/drivers/fx_stm32_mmc_driver.o"
arm-none-eabi-gcc "../FileX/Target/fx_stm32_mmc_driver_glue.c" -mcpu=cortex-m33 -std=gnu11 -g3 -DDEBUG -DUSE_HAL_DRIVER -DSTM32U5G9xx -DUX_INCLUDE_USER_DEFINE_FILE -DTX_INCLUDE_USER_DEFINE_FILE -DTX_SINGLE_MODE_NON_SECURE=1 -DFX_INCLUDE_USER_DEFINE_FILE -c -I../Core/Inc -I../Drivers/STM32U5xx_HAL_Driver/Inc -I../Drivers/STM32U5xx_HAL_Driver/Inc/Legacy -I../Drivers/CMSIS/Device/ST/STM32U5xx/Include -I../Drivers/CMSIS/Include -I../USBX/App -I../USBX/Target -I../Middlewares/ST/usbx/common/core/inc -I../Middlewares/ST/usbx/ports/generic/inc -I../Middlewares/ST/usbx/common/usbx_stm32_device_controllers -I../Middlewares/ST/usbx/common/usbx_device_classes/inc -I../AZURE_RTOS/App -I../Middlewares/ST/threadx/common/inc -I../Middlewares/ST/threadx/ports/cortex_m33/gnu/inc -I../FileX/App -I../FileX/Target -I../Middlewares/ST/filex/common/inc -I../Middlewares/ST/filex/ports/generic/inc -O0 -ffunction-sections -fdata-sections -Wall -fstack-usage -fcyclomatic-complexity -MMD -MP -MF"FileX/Target/fx_stm32_mmc_driver_glue.d" -MT"FileX/Target/fx_stm32_mmc_driver_glue.o" --specs=nano.specs -mfpu=fpv5-sp-d16 -mfloat-abi=hard -mthumb -o "FileX/Target/fx_stm32_mmc_driver_glue.o"
arm-none-eabi-gcc "../FileX/App/app_filex.c" -mcpu=cortex-m33 -std=gnu11 -g3 -DDEBUG -DUSE_HAL_DRIVER -DSTM32U5G9xx -DUX_INCLUDE_USER_DEFINE_FILE -DTX_INCLUDE_USER_DEFINE_FILE -DTX_SINGLE_MODE_NON_SECURE=1 -DFX_INCLUDE_USER_DEFINE_FILE -c -I../Core/Inc -I../Drivers/STM32U5xx_HAL_Driver/Inc -I../Drivers/STM32U5xx_HAL_Driver/Inc/Legacy -I../Drivers/CMSIS/Device/ST/STM32U5xx/Include -I../Drivers/CMSIS/Include -I../USBX/App -I../USBX/Target -I../Middlewares/ST/usbx/common/core/inc -I../Middlewares/ST/usbx/ports/generic/inc -I../Middlewares/ST/usbx/common/usbx_stm32_device_controllers -I../Middlewares/ST/usbx/common/usbx_device_classes/inc -I../AZURE_RTOS/App -I../Middlewares/ST/threadx/common/inc -I../Middlewares/ST/threadx/ports/cortex_m33/gnu/inc -I../FileX/App -I../FileX/Target -I../Middlewares/ST/filex/common/inc -I../Middlewares/ST/filex/ports/generic/inc -O0 -ffunction-sections -fdata-sections -Wall -fstack-usage -fcyclomatic-complexity -MMD -MP -MF"FileX/App/app_filex.d" -MT"FileX/App/app_filex.o" --specs=nano.specs -mfpu=fpv5-sp-d16 -mfloat-abi=hard -mthumb -o "FileX/App/app_filex.o"
arm-none-eabi-gcc "../Drivers/STM32U5xx_HAL_Driver/Src/stm32u5xx_hal.c" -mcpu=cortex-m33 -std=gnu11 -g3 -DDEBUG -DUSE_HAL_DRIVER -DSTM32U5G9xx -DUX_INCLUDE_USER_DEFINE_FILE -DTX_INCLUDE_USER_DEFINE_FILE -DTX_SINGLE_MODE_NON_SECURE=1 -DFX_INCLUDE_USER_DEFINE_FILE -c -I../Core/Inc -I../Drivers/STM32U5xx_HAL_Driver/Inc -I../Drivers/STM32U5xx_HAL_Driver/Inc/Legacy -I../Drivers/CMSIS/Device/ST/STM32U5xx/Include -I../Drivers/CMSIS/Include -I../USBX/App -I../USBX/Target -I../Middlewares/ST/usbx/common/core/inc -I../Middlewares/ST/usbx/ports/generic/inc -I../Middlewares/ST/usbx/common/usbx_stm32_device_controllers -I../Middlewares/ST/usbx/common/usbx_device_classes/inc -I../AZURE_RTOS/App -I../Middlewares/ST/threadx/common/inc -I../Middlewares/ST/threadx/ports/cortex_m33/gnu/inc -I../FileX/App -I../FileX/Target -I../Middlewares/ST/filex/common/inc -I../Middlewares/ST/filex/ports/generic/inc -O0 -ffunction-sections -fdata-sections -Wall -fstack-usage -fcyclomatic-complexity -MMD -MP -MF"Drivers/STM32U5xx_HAL_Driver/Src/stm32u5xx_hal.d" -MT"Drivers/STM32U5xx_HAL_Driver/Src/stm32u5xx_hal.o" --specs=nano.specs -mfpu=fpv5-sp-d16 -mfloat-abi=hard -mthumb -o "Drivers/STM32U5xx_HAL_Driver/Src/stm32u5xx_hal.o"
arm-none-eabi-gcc "../Drivers/STM32U5xx_HAL_Driver/Src/stm32u5xx_hal_adc.c" -mcpu=cortex-m33 -std=gnu11 -g3 -DDEBUG -DUSE_HAL_DRIVER -DSTM32U5G9xx -DUX_INCLUDE_USER_DEFINE_FILE -DTX_INCLUDE_USER_DEFINE_FILE -DTX_SINGLE_MODE_NON_SECURE=1 -DFX_INCLUDE_USER_DEFINE_FILE -c -I../Core/Inc -I../Drivers/STM32U5xx_HAL_Driver/Inc -I../Drivers/STM32U5xx_HAL_Driver/Inc/Legacy -I../Drivers/CMSIS/Device/ST/STM32U5xx/Include -I../Drivers/CMSIS/Include -I../USBX/App -I../USBX/Target -I../Middlewares/ST/usbx/common/core/inc -I../Middlewares/ST/usbx/ports/generic/inc -I../Middlewares/ST/usbx/common/usbx_stm32_device_controllers -I../Middlewares/ST/usbx/common/usbx_device_classes/inc -I../AZURE_RTOS/App -I../Middlewares/ST/threadx/common/inc -I../Middlewares/ST/threadx/ports/cortex_m33/gnu/inc -I../FileX/App -I../FileX/Target -I../Middlewares/ST/filex/common/inc -I../Middlewares/ST/filex/ports/generic/inc -O0 -ffunction-sections -fdata-sections -Wall -fstack-usage -fcyclomatic-complexity -MMD -MP -MF"Drivers/STM32U5xx_HAL_Driver/Src/stm32u5xx_hal_adc.d" -MT"Drivers/STM32U5xx_HAL_Driver/Src/stm32u5xx_hal_adc.o" --specs=nano.specs -mfpu=fpv5-sp-d16 -mfloat-abi=hard -mthumb -o "Drivers/STM32U5xx_HAL_Driver/Src/stm32u5xx_hal_adc.o"
arm-none-eabi-gcc "../Drivers/STM32U5xx_HAL_Driver/Src/stm32u5xx_hal_adc_ex.c" -mcpu=cortex-m33 -std=gnu11 -g3 -DDEBUG -DUSE_HAL_DRIVER -DSTM32U5G9xx -DUX_INCLUDE_USER_DEFINE_FILE -DTX_INCLUDE_USER_DEFINE_FILE -DTX_SINGLE_MODE_NON_SECURE=1 -DFX_INCLUDE_USER_DEFINE_FILE -c -I../Core/Inc -I../Drivers/STM32U5xx_HAL_Driver/Inc -I../Drivers/STM32U5xx_HAL_Driver/Inc/Legacy -I../Drivers/CMSIS/Device/ST/STM32U5xx/Include -I../Drivers/CMSIS/Include -I../USBX/App -I../USBX/Target -I../Middlewares/ST/usbx/common/core/inc -I../Middlewares/ST/usbx/ports/generic/inc -I../Middlewares/ST/usbx/common/usbx_stm32_device_controllers -I../Middlewares/ST/usbx/common/usbx_device_classes/inc -I../AZURE_RTOS/App -I../Middlewares/ST/threadx/common/inc -I../Middlewares/ST/threadx/ports/cortex_m33/gnu/inc -I../FileX/App -I../FileX/Target -I../Middlewares/ST/filex/common/inc -I../Middlewares/ST/filex/ports/generic/inc -O0 -ffunction-sections -fdata-sections -Wall -fstack-usage -fcyclomatic-complexity -MMD -MP -MF"Drivers/STM32U5xx_HAL_Driver/Src/stm32u5xx_hal_adc_ex.d" -MT"Drivers/STM32U5xx_HAL_Driver/Src/stm32u5xx_hal_adc_ex.o" --specs=nano.specs -mfpu=fpv5-sp-d16 -mfloat-abi=hard -mthumb -o "Drivers/STM32U5xx_HAL_Driver/Src/stm32u5xx_hal_adc_ex.o"
arm-none-eabi-gcc "../Drivers/STM32U5xx_HAL_Driver/Src/stm32u5xx_hal_cortex.c" -mcpu=cortex-m33 -std=gnu11 -g3 -DDEBUG -DUSE_HAL_DRIVER -DSTM32U5G9xx -DUX_INCLUDE_USER_DEFINE_FILE -DTX_INCLUDE_USER_DEFINE_FILE -DTX_SINGLE_MODE_NON_SECURE=1 -DFX_INCLUDE_USER_DEFINE_FILE -c -I../Core/Inc -I../Drivers/STM32U5xx_HAL_Driver/Inc -I../Drivers/STM32U5xx_HAL_Driver/Inc/Legacy -I../Drivers/CMSIS/Device/ST/STM32U5xx/Include -I../Drivers/CMSIS/Include -I../USBX/App -I../USBX/Target -I../Middlewares/ST/usbx/common/core/inc -I../Middlewares/ST/usbx/ports/generic/inc -I../Middlewares/ST/usbx/common/usbx_stm32_device_controllers -I../Middlewares/ST/usbx/common/usbx_device_classes/inc -I../AZURE_RTOS/App -I../Middlewares/ST/threadx/common/inc -I../Middlewares/ST/threadx/ports/cortex_m33/gnu/inc -I../FileX/App -I../FileX/Target -I../Middlewares/ST/filex/common/inc -I../Middlewares/ST/filex/ports/generic/inc -O0 -ffunction-sections -fdata-sections -Wall -fstack-usage -fcyclomatic-complexity -MMD -MP -MF"Drivers/STM32U5xx_HAL_Driver/Src/stm32u5xx_hal_cortex.d" -MT"Drivers/STM32U5xx_HAL_Driver/Src/stm32u5xx_hal_cortex.o" --specs=nano.specs -mfpu=fpv5-sp-d16 -mfloat-abi=hard -mthumb -o "Drivers/STM32U5xx_HAL_Driver/Src/stm32u5xx_hal_cortex.o"
arm-none-eabi-gcc "../Drivers/STM32U5xx_HAL_Driver/Src/stm32u5xx_hal_dma.c" -mcpu=cortex-m33 -std=gnu11 -g3 -DDEBUG -DUSE_HAL_DRIVER -DSTM32U5G9xx -DUX_INCLUDE_USER_DEFINE_FILE -DTX_INCLUDE_USER_DEFINE_FILE -DTX_SINGLE_MODE_NON_SECURE=1 -DFX_INCLUDE_USER_DEFINE_FILE -c -I../Core/Inc -I../Drivers/STM32U5xx_HAL_Driver/Inc -I../Drivers/STM32U5xx_HAL_Driver/Inc/Legacy -I../Drivers/CMSIS/Device/ST/STM32U5xx/Include -I../Drivers/CMSIS/Include -I../USBX/App -I../USBX/Target -I../Middlewares/ST/usbx/common/core/inc -I../Middlewares/ST/usbx/ports/generic/inc -I../Middlewares/ST/usbx/common/usbx_stm32_device_controllers -I../Middlewares/ST/usbx/common/usbx_device_classes/inc -I../AZURE_RTOS/App -I../Middlewares/ST/threadx/common/inc -I../Middlewares/ST/threadx/ports/cortex_m33/gnu/inc -I../FileX/App -I../FileX/Target -I../Middlewares/ST/filex/common/inc -I../Middlewares/ST/filex/ports/generic/inc -O0 -ffunction-sections -fdata-sections -Wall -fstack-usage -fcyclomatic-complexity -MMD -MP -MF"Drivers/STM32U5xx_HAL_Driver/Src/stm32u5xx_hal_dma.d" -MT"Drivers/STM32U5xx_HAL_Driver/Src/stm32u5xx_hal_dma.o" --specs=nano.specs -mfpu=fpv5-sp-d16 -mfloat-abi=hard -mthumb -o "Drivers/STM32U5xx_HAL_Driver/Src/stm32u5xx_hal_dma.o"
arm-none-eabi-gcc "../Drivers/STM32U5xx_HAL_Driver/Src/stm32u5xx_hal_dma_ex.c" -mcpu=cortex-m33 -std=gnu11 -g3 -DDEBUG -DUSE_HAL_DRIVER -DSTM32U5G9xx -DUX_INCLUDE_USER_DEFINE_FILE -DTX_INCLUDE_USER_DEFINE_FILE -DTX_SINGLE_MODE_NON_SECURE=1 -DFX_INCLUDE_USER_DEFINE_FILE -c -I../Core/Inc -I../Drivers/STM32U5xx_HAL_Driver/Inc -I../Drivers/STM32U5xx_HAL_Driver/Inc/Legacy -I../Drivers/CMSIS/Device/ST/STM32U5xx/Include -I../Drivers/CMSIS/Include -I../USBX/App -I../USBX/Target -I../Middlewares/ST/usbx/common/core/inc -I../Middlewares/ST/usbx/ports/generic/inc -I../Middlewares/ST/usbx/common/usbx_stm32_device_controllers -I../Middlewares/ST/usbx/common/usbx_device_classes/inc -I../AZURE_RTOS/App -I../Middlewares/ST/threadx/common/inc -I../Middlewares/ST/threadx/ports/cortex_m33/gnu/inc -I../FileX/App -I../FileX/Target -I../Middlewares/ST/filex/common/inc -I../Middlewares/ST/filex/ports/generic/inc -O0 -ffunction-sections -fdata-sections -Wall -fstack-usage -fcyclomatic-complexity -MMD -MP -MF"Drivers/STM32U5xx_HAL_Driver/Src/stm32u5xx_hal_dma_ex.d" -MT"Drivers/STM32U5xx_HAL_Driver/Src/stm32u5xx_hal_dma_ex.o" --specs=nano.specs -mfpu=fpv5-sp-d16 -mfloat-abi=hard -mthumb -o "Drivers/STM32U5xx_HAL_Driver/Src/stm32u5xx_hal_dma_ex.o"
arm-none-eabi-gcc "../Drivers/STM32U5xx_HAL_Driver/Src/stm32u5xx_hal_exti.c" -mcpu=cortex-m33 -std=gnu11 -g3 -DDEBUG -DUSE_HAL_DRIVER -DSTM32U5G9xx -DUX_INCLUDE_USER_DEFINE_FILE -DTX_INCLUDE_USER_DEFINE_FILE -DTX_SINGLE_MODE_NON_SECURE=1 -DFX_INCLUDE_USER_DEFINE_FILE -c -I../Core/Inc -I../Drivers/STM32U5xx_HAL_Driver/Inc -I../Drivers/STM32U5xx_HAL_Driver/Inc/Legacy -I../Drivers/CMSIS/Device/ST/STM32U5xx/Include -I../Drivers/CMSIS/Include -I../USBX/App -I../USBX/Target -I../Middlewares/ST/usbx/common/core/inc -I../Middlewares/ST/usbx/ports/generic/inc -I../Middlewares/ST/usbx/common/usbx_stm32_device_controllers -I../Middlewares/ST/usbx/common/usbx_device_classes/inc -I../AZURE_RTOS/App -I../Middlewares/ST/threadx/common/inc -I../Middlewares/ST/threadx/ports/cortex_m33/gnu/inc -I../FileX/App -I../FileX/Target -I../Middlewares/ST/filex/common/inc -I../Middlewares/ST/filex/ports/generic/inc -O0 -ffunction-sections -fdata-sections -Wall -fstack-usage -fcyclomatic-complexity -MMD -MP -MF"Drivers/STM32U5xx_HAL_Driver/Src/stm32u5xx_hal_exti.d" -MT"Drivers/STM32U5xx_HAL_Driver/Src/stm32u5xx_hal_exti.o" --specs=nano.specs -mfpu=fpv5-sp-d16 -mfloat-abi=hard -mthumb -o "Drivers/STM32U5xx_HAL_Driver/Src/stm32u5xx_hal_exti.o"
arm-none-eabi-gcc "../Drivers/STM32U5xx_HAL_Driver/Src/stm32u5xx_hal_flash.c" -mcpu=cortex-m33 -std=gnu11 -g3 -DDEBUG -DUSE_HAL_DRIVER -DSTM32U5G9xx -DUX_INCLUDE_USER_DEFINE_FILE -DTX_INCLUDE_USER_DEFINE_FILE -DTX_SINGLE_MODE_NON_SECURE=1 -DFX_INCLUDE_USER_DEFINE_FILE -c -I../Core/Inc -I../Drivers/STM32U5xx_HAL_Driver/Inc -I../Drivers/STM32U5xx_HAL_Driver/Inc/Legacy -I../Drivers/CMSIS/Device/ST/STM32U5xx/Include -I../Drivers/CMSIS/Include -I../USBX/App -I../USBX/Target -I../Middlewares/ST/usbx/common/core/inc -I../Middlewares/ST/usbx/ports/generic/inc -I../Middlewares/ST/usbx/common/usbx_stm32_device_controllers -I../Middlewares/ST/usbx/common/usbx_device_classes/inc -I../AZURE_RTOS/App -I../Middlewares/ST/threadx/common/inc -I../Middlewares/ST/threadx/ports/cortex_m33/gnu/inc -I../FileX/App -I../FileX/Target -I../Middlewares/ST/filex/common/inc -I../Middlewares/ST/filex/ports/generic/inc -O0 -ffunction-sections -fdata-sections -Wall -fstack-usage -fcyclomatic-complexity -MMD -MP -MF"Drivers/STM32U5xx_HAL_Driver/Src/stm32u5xx_hal_flash.d" -MT"Drivers/STM32U5xx_HAL_Driver/Src/stm32u5xx_hal_flash.o" --specs=nano.specs -mfpu=fpv5-sp-d16 -mfloat-abi=hard -mthumb -o "Drivers/STM32U5xx_HAL_Driver/Src/stm32u5xx_hal_flash.o"
arm-none-eabi-gcc "../Drivers/STM32U5xx_HAL_Driver/Src/stm32u5xx_hal_flash_ex.c" -mcpu=cortex-m33 -std=gnu11 -g3 -DDEBUG -DUSE_HAL_DRIVER -DSTM32U5G9xx -DUX_INCLUDE_USER_DEFINE_FILE -DTX_INCLUDE_USER_DEFINE_FILE -DTX_SINGLE_MODE_NON_SECURE=1 -DFX_INCLUDE_USER_DEFINE_FILE -c -I../Core/Inc -I../Drivers/STM32U5xx_HAL_Driver/Inc -I../Drivers/STM32U5xx_HAL_Driver/Inc/Legacy -I../Drivers/CMSIS/Device/ST/STM32U5xx/Include -I../Drivers/CMSIS/Include -I../USBX/App -I../USBX/Target -I../Middlewares/ST/usbx/common/core/inc -I../Middlewares/ST/usbx/ports/generic/inc -I../Middlewares/ST/usbx/common/usbx_stm32_device_controllers -I../Middlewares/ST/usbx/common/usbx_device_classes/inc -I../AZURE_RTOS/App -I../Middlewares/ST/threadx/common/inc -I../Middlewares/ST/threadx/ports/cortex_m33/gnu/inc -I../FileX/App -I../FileX/Target -I../Middlewares/ST/filex/common/inc -I../Middlewares/ST/filex/ports/generic/inc -O0 -ffunction-sections -fdata-sections -Wall -fstack-usage -fcyclomatic-complexity -MMD -MP -MF"Drivers/STM32U5xx_HAL_Driver/Src/stm32u5xx_hal_flash_ex.d" -MT"Drivers/STM32U5xx_HAL_Driver/Src/stm32u5xx_hal_flash_ex.o" --specs=nano.specs -mfpu=fpv5-sp-d16 -mfloat-abi=hard -mthumb -o "Drivers/STM32U5xx_HAL_Driver/Src/stm32u5xx_hal_flash_ex.o"
arm-none-eabi-gcc "../Drivers/STM32U5xx_HAL_Driver/Src/stm32u5xx_hal_gpio.c" -mcpu=cortex-m33 -std=gnu11 -g3 -DDEBUG -DUSE_HAL_DRIVER -DSTM32U5G9xx -DUX_INCLUDE_USER_DEFINE_FILE -DTX_INCLUDE_USER_DEFINE_FILE -DTX_SINGLE_MODE_NON_SECURE=1 -DFX_INCLUDE_USER_DEFINE_FILE -c -I../Core/Inc -I../Drivers/STM32U5xx_HAL_Driver/Inc -I../Drivers/STM32U5xx_HAL_Driver/Inc/Legacy -I../Drivers/CMSIS/Device/ST/STM32U5xx/Include -I../Drivers/CMSIS/Include -I../USBX/App -I../USBX/Target -I../Middlewares/ST/usbx/common/core/inc -I../Middlewares/ST/usbx/ports/generic/inc -I../Middlewares/ST/usbx/common/usbx_stm32_device_controllers -I../Middlewares/ST/usbx/common/usbx_device_classes/inc -I../AZURE_RTOS/App -I../Middlewares/ST/threadx/common/inc -I../Middlewares/ST/threadx/ports/cortex_m33/gnu/inc -I../FileX/App -I../FileX/Target -I../Middlewares/ST/filex/common/inc -I../Middlewares/ST/filex/ports/generic/inc -O0 -ffunction-sections -fdata-sections -Wall -fstack-usage -fcyclomatic-complexity -MMD -MP -MF"Drivers/STM32U5xx_HAL_Driver/Src/stm32u5xx_hal_gpio.d" -MT"Drivers/STM32U5xx_HAL_Driver/Src/stm32u5xx_hal_gpio.o" --specs=nano.specs -mfpu=fpv5-sp-d16 -mfloat-abi=hard -mthumb -o "Drivers/STM32U5xx_HAL_Driver/Src/stm32u5xx_hal_gpio.o"
arm-none-eabi-gcc "../Drivers/STM32U5xx_HAL_Driver/Src/stm32u5xx_hal_gtzc.c" -mcpu=cortex-m33 -std=gnu11 -g3 -DDEBUG -DUSE_HAL_DRIVER -DSTM32U5G9xx -DUX_INCLUDE_USER_DEFINE_FILE -DTX_INCLUDE_USER_DEFINE_FILE -DTX_SINGLE_MODE_NON_SECURE=1 -DFX_INCLUDE_USER_DEFINE_FILE -c -I../Core/Inc -I../Drivers/STM32U5xx_HAL_Driver/Inc -I../Drivers/STM32U5xx_HAL_Driver/Inc/Legacy -I../Drivers/CMSIS/Device/ST/STM32U5xx/Include -I../Drivers/CMSIS/Include -I../USBX/App -I../USBX/Target -I../Middlewares/ST/usbx/common/core/inc -I../Middlewares/ST/usbx/ports/generic/inc -I../Middlewares/ST/usbx/common/usbx_stm32_device_controllers -I../Middlewares/ST/usbx/common/usbx_device_classes/inc -I../AZURE_RTOS/App -I../Middlewares/ST/threadx/common/inc -I../Middlewares/ST/threadx/ports/cortex_m33/gnu/inc -I../FileX/App -I../FileX/Target -I../Middlewares/ST/filex/common/inc -I../Middlewares/ST/filex/ports/generic/inc -O0 -ffunction-sections -fdata-sections -Wall -fstack-usage -fcyclomatic-complexity -MMD -MP -MF"Drivers/STM32U5xx_HAL_Driver/Src/stm32u5xx_hal_gtzc.d" -MT"Drivers/STM32U5xx_HAL_Driver/Src/stm32u5xx_hal_gtzc.o" --specs=nano.specs -mfpu=fpv5-sp-d16 -mfloat-abi=hard -mthumb -o "Drivers/STM32U5xx_HAL_Driver/Src/stm32u5xx_hal_gtzc.o"
arm-none-eabi-gcc "../Drivers/STM32U5xx_HAL_Driver/Src/stm32u5xx_hal_i2c.c" -mcpu=cortex-m33 -std=gnu11 -g3 -DDEBUG -DUSE_HAL_DRIVER -DSTM32U5G9xx -DUX_INCLUDE_USER_DEFINE_FILE -DTX_INCLUDE_USER_DEFINE_FILE -DTX_SINGLE_MODE_NON_SECURE=1 -DFX_INCLUDE_USER_DEFINE_FILE -c -I../Core/Inc -I../Drivers/STM32U5xx_HAL_Driver/Inc -I../Drivers/STM32U5xx_HAL_Driver/Inc/Legacy -I../Drivers/CMSIS/Device/ST/STM32U5xx/Include -I../Drivers/CMSIS/Include -I../USBX/App -I../USBX/Target -I../Middlewares/ST/usbx/common/core/inc -I../Middlewares/ST/usbx/ports/generic/inc -I../Middlewares/ST/usbx/common/usbx_stm32_device_controllers -I../Middlewares/ST/usbx/common/usbx_device_classes/inc -I../AZURE_RTOS/App -I../Middlewares/ST/threadx/common/inc -I../Middlewares/ST/threadx/ports/cortex_m33/gnu/inc -I../FileX/App -I../FileX/Target -I../Middlewares/ST/filex/common/inc -I../Middlewares/ST/filex/ports/generic/inc -O0 -ffunction-sections -fdata-sections -Wall -fstack-usage -fcyclomatic-complexity -MMD -MP -MF"Drivers/STM32U5xx_HAL_Driver/Src/stm32u5xx_hal_i2c.d" -MT"Drivers/STM32U5xx_HAL_Driver/Src/stm32u5xx_hal_i2c.o" --specs=nano.specs -mfpu=fpv5-sp-d16 -mfloat-abi=hard -mthumb -o "Drivers/STM32U5xx_HAL_Driver/Src/stm32u5xx_hal_i2c.o"
arm-none-eabi-gcc "../Drivers/STM32U5xx_HAL_Driver/Src/stm32u5xx_hal_i2c_ex.c" -mcpu=cortex-m33 -std=gnu11 -g3 -DDEBUG -DUSE_HAL_DRIVER -DSTM32U5G9xx -DUX_INCLUDE_USER_DEFINE_FILE -DTX_INCLUDE_USER_DEFINE_FILE -DTX_SINGLE_MODE_NON_SECURE=1 -DFX_INCLUDE_USER_DEFINE_FILE -c -I../Core/Inc -I../Drivers/STM32U5xx_HAL_Driver/Inc -I../Drivers/STM32U5xx_HAL_Driver/Inc/Legacy -I../Drivers/CMSIS/Device/ST/STM32U5xx/Include -I../Drivers/CMSIS/Include -I../USBX/App -I../USBX/Target -I../Middlewares/ST/usbx/common/core/inc -I../Middlewares/ST/usbx/ports/generic/inc -I../Middlewares/ST/usbx/common/usbx_stm32_device_controllers -I../Middlewares/ST/usbx/common/usbx_device_classes/inc -I../AZURE_RTOS/App -I../Middlewares/ST/threadx/common/inc -I../Middlewares/ST/threadx/ports/cortex_m33/gnu/inc -I../FileX/App -I../FileX/Target -I../Middlewares/ST/filex/common/inc -I../Middlewares/ST/filex/ports/generic/inc -O0 -ffunction-sections -fdata-sections -Wall -fstack-usage -fcyclomatic-complexity -MMD -MP -MF"Drivers/STM32U5xx_HAL_Driver/Src/stm32u5xx_hal_i2c_ex.d" -MT"Drivers/STM32U5xx_HAL_Driver/Src/stm32u5xx_hal_i2c_ex.o" --specs=nano.specs -mfpu=fpv5-sp-d16 -mfloat-abi=hard -mthumb -o "Drivers/STM32U5xx_HAL_Driver/Src/stm32u5xx_hal_i2c_ex.o"
arm-none-eabi-gcc "../Drivers/STM32U5xx_HAL_Driver/Src/stm32u5xx_hal_icache.c" -mcpu=cortex-m33 -std=gnu11 -g3 -DDEBUG -DUSE_HAL_DRIVER -DSTM32U5G9xx -DUX_INCLUDE_USER_DEFINE_FILE -DTX_INCLUDE_USER_DEFINE_FILE -DTX_SINGLE_MODE_NON_SECURE=1 -DFX_INCLUDE_USER_DEFINE_FILE -c -I../Core/Inc -I../Drivers/STM32U5xx_HAL_Driver/Inc -I../Drivers/STM32U5xx_HAL_Driver/Inc/Legacy -I../Drivers/CMSIS/Device/ST/STM32U5xx/Include -I../Drivers/CMSIS/Include -I../USBX/App -I../USBX/Target -I../Middlewares/ST/usbx/common/core/inc -I../Middlewares/ST/usbx/ports/generic/inc -I../Middlewares/ST/usbx/common/usbx_stm32_device_controllers -I../Middlewares/ST/usbx/common/usbx_device_classes/inc -I../AZURE_RTOS/App -I../Middlewares/ST/threadx/common/inc -I../Middlewares/ST/threadx/ports/cortex_m33/gnu/inc -I../FileX/App -I../FileX/Target -I../Middlewares/ST/filex/common/inc -I../Middlewares/ST/filex/ports/generic/inc -O0 -ffunction-sections -fdata-sections -Wall -fstack-usage -fcyclomatic-complexity -MMD -MP -MF"Drivers/STM32U5xx_HAL_Driver/Src/stm32u5xx_hal_icache.d" -MT"Drivers/STM32U5xx_HAL_Driver/Src/stm32u5xx_hal_icache.o" --specs=nano.specs -mfpu=fpv5-sp-d16 -mfloat-abi=hard -mthumb -o "Drivers/STM32U5xx_HAL_Driver/Src/stm32u5xx_hal_icache.o"
arm-none-eabi-gcc "../Drivers/STM32U5xx_HAL_Driver/Src/stm32u5xx_hal_mmc.c" -mcpu=cortex-m33 -std=gnu11 -g3 -DDEBUG -DUSE_HAL_DRIVER -DSTM32U5G9xx -DUX_INCLUDE_USER_DEFINE_FILE -DTX_INCLUDE_USER_DEFINE_FILE -DTX_SINGLE_MODE_NON_SECURE=1 -DFX_INCLUDE_USER_DEFINE_FILE -c -I../Core/Inc -I../Drivers/STM32U5xx_HAL_Driver/Inc -I../Drivers/STM32U5xx_HAL_Driver/Inc/Legacy -I../Drivers/CMSIS/Device/ST/STM32U5xx/Include -I../Drivers/CMSIS/Include -I../USBX/App -I../USBX/Target -I../Middlewares/ST/usbx/common/core/inc -I../Middlewares/ST/usbx/ports/generic/inc -I../Middlewares/ST/usbx/common/usbx_stm32_device_controllers -I../Middlewares/ST/usbx/common/usbx_device_classes/inc -I../AZURE_RTOS/App -I../Middlewares/ST/threadx/common/inc -I../Middlewares/ST/threadx/ports/cortex_m33/gnu/inc -I../FileX/App -I../FileX/Target -I../Middlewares/ST/filex/common/inc -I../Middlewares/ST/filex/ports/generic/inc -O0 -ffunction-sections -fdata-sections -Wall -fstack-usage -fcyclomatic-complexity -MMD -MP -MF"Drivers/STM32U5xx_HAL_Driver/Src/stm32u5xx_hal_mmc.d" -MT"Drivers/STM32U5xx_HAL_Driver/Src/stm32u5xx_hal_mmc.o" --specs=nano.specs -mfpu=fpv5-sp-d16 -mfloat-abi=hard -mthumb -o "Drivers/STM32U5xx_HAL_Driver/Src/stm32u5xx_hal_mmc.o"
arm-none-eabi-gcc "../Drivers/STM32U5xx_HAL_Driver/Src/stm32u5xx_hal_mmc_ex.c" -mcpu=cortex-m33 -std=gnu11 -g3 -DDEBUG -DUSE_HAL_DRIVER -DSTM32U5G9xx -DUX_INCLUDE_USER_DEFINE_FILE -DTX_INCLUDE_USER_DEFINE_FILE -DTX_SINGLE_MODE_NON_SECURE=1 -DFX_INCLUDE_USER_DEFINE_FILE -c -I../Core/Inc -I../Drivers/STM32U5xx_HAL_Driver/Inc -I../Drivers/STM32U5xx_HAL_Driver/Inc/Legacy -I../Drivers/CMSIS/Device/ST/STM32U5xx/Include -I../Drivers/CMSIS/Include -I../USBX/App -I../USBX/Target -I../Middlewares/ST/usbx/common/core/inc -I../Middlewares/ST/usbx/ports/generic/inc -I../Middlewares/ST/usbx/common/usbx_stm32_device_controllers -I../Middlewares/ST/usbx/common/usbx_device_classes/inc -I../AZURE_RTOS/App -I../Middlewares/ST/threadx/common/inc -I../Middlewares/ST/threadx/ports/cortex_m33/gnu/inc -I../FileX/App -I../FileX/Target -I../Middlewares/ST/filex/common/inc -I../Middlewares/ST/filex/ports/generic/inc -O0 -ffunction-sections -fdata-sections -Wall -fstack-usage -fcyclomatic-complexity -MMD -MP -MF"Drivers/STM32U5xx_HAL_Driver/Src/stm32u5xx_hal_mmc_ex.d" -MT"Drivers/STM32U5xx_HAL_Driver/Src/stm32u5xx_hal_mmc_ex.o" --specs=nano.specs -mfpu=fpv5-sp-d16 -mfloat-abi=hard -mthumb -o "Drivers/STM32U5xx_HAL_Driver/Src/stm32u5xx_hal_mmc_ex.o"
arm-none-eabi-gcc "../Drivers/STM32U5xx_HAL_Driver/Src/stm32u5xx_hal_pcd.c" -mcpu=cortex-m33 -std=gnu11 -g3 -DDEBUG -DUSE_HAL_DRIVER -DSTM32U5G9xx -DUX_INCLUDE_USER_DEFINE_FILE -DTX_INCLUDE_USER_DEFINE_FILE -DTX_SINGLE_MODE_NON_SECURE=1 -DFX_INCLUDE_USER_DEFINE_FILE -c -I../Core/Inc -I../Drivers/STM32U5xx_HAL_Driver/Inc -I../Drivers/STM32U5xx_HAL_Driver/Inc/Legacy -I../Drivers/CMSIS/Device/ST/STM32U5xx/Include -I../Drivers/CMSIS/Include -I../USBX/App -I../USBX/Target -I../Middlewares/ST/usbx/common/core/inc -I../Middlewares/ST/usbx/ports/generic/inc -I../Middlewares/ST/usbx/common/usbx_stm32_device_controllers -I../Middlewares/ST/usbx/common/usbx_device_classes/inc -I../AZURE_RTOS/App -I../Middlewares/ST/threadx/common/inc -I../Middlewares/ST/threadx/ports/cortex_m33/gnu/inc -I../FileX/App -I../FileX/Target -I../Middlewares/ST/filex/common/inc -I../Middlewares/ST/filex/ports/generic/inc -O0 -ffunction-sections -fdata-sections -Wall -fstack-usage -fcyclomatic-complexity -MMD -MP -MF"Drivers/STM32U5xx_HAL_Driver/Src/stm32u5xx_hal_pcd.d" -MT"Drivers/STM32U5xx_HAL_Driver/Src/stm32u5xx_hal_pcd.o" --specs=nano.specs -mfpu=fpv5-sp-d16 -mfloat-abi=hard -mthumb -o "Drivers/STM32U5xx_HAL_Driver/Src/stm32u5xx_hal_pcd.o"
arm-none-eabi-gcc "../Drivers/STM32U5xx_HAL_Driver/Src/stm32u5xx_hal_pcd_ex.c" -mcpu=cortex-m33 -std=gnu11 -g3 -DDEBUG -DUSE_HAL_DRIVER -DSTM32U5G9xx -DUX_INCLUDE_USER_DEFINE_FILE -DTX_INCLUDE_USER_DEFINE_FILE -DTX_SINGLE_MODE_NON_SECURE=1 -DFX_INCLUDE_USER_DEFINE_FILE -c -I../Core/Inc -I../Drivers/STM32U5xx_HAL_Driver/Inc -I../Drivers/STM32U5xx_HAL_Driver/Inc/Legacy -I../Drivers/CMSIS/Device/ST/STM32U5xx/Include -I../Drivers/CMSIS/Include -I../USBX/App -I../USBX/Target -I../Middlewares/ST/usbx/common/core/inc -I../Middlewares/ST/usbx/ports/generic/inc -I../Middlewares/ST/usbx/common/usbx_stm32_device_controllers -I../Middlewares/ST/usbx/common/usbx_device_classes/inc -I../AZURE_RTOS/App -I../Middlewares/ST/threadx/common/inc -I../Middlewares/ST/threadx/ports/cortex_m33/gnu/inc -I../FileX/App -I../FileX/Target -I../Middlewares/ST/filex/common/inc -I../Middlewares/ST/filex/ports/generic/inc -O0 -ffunction-sections -fdata-sections -Wall -fstack-usage -fcyclomatic-complexity -MMD -MP -MF"Drivers/STM32U5xx_HAL_Driver/Src/stm32u5xx_hal_pcd_ex.d" -MT"Drivers/STM32U5xx_HAL_Driver/Src/stm32u5xx_hal_pcd_ex.o" --specs=nano.specs -mfpu=fpv5-sp-d16 -mfloat-abi=hard -mthumb -o "Drivers/STM32U5xx_HAL_Driver/Src/stm32u5xx_hal_pcd_ex.o"
arm-none-eabi-gcc "../Drivers/STM32U5xx_HAL_Driver/Src/stm32u5xx_hal_pwr.c" -mcpu=cortex-m33 -std=gnu11 -g3 -DDEBUG -DUSE_HAL_DRIVER -DSTM32U5G9xx -DUX_INCLUDE_USER_DEFINE_FILE -DTX_INCLUDE_USER_DEFINE_FILE -DTX_SINGLE_MODE_NON_SECURE=1 -DFX_INCLUDE_USER_DEFINE_FILE -c -I../Core/Inc -I../Drivers/STM32U5xx_HAL_Driver/Inc -I../Drivers/STM32U5xx_HAL_Driver/Inc/Legacy -I../Drivers/CMSIS/Device/ST/STM32U5xx/Include -I../Drivers/CMSIS/Include -I../USBX/App -I../USBX/Target -I../Middlewares/ST/usbx/common/core/inc -I../Middlewares/ST/usbx/ports/generic/inc -I../Middlewares/ST/usbx/common/usbx_stm32_device_controllers -I../Middlewares/ST/usbx/common/usbx_device_classes/inc -I../AZURE_RTOS/App -I../Middlewares/ST/threadx/common/inc -I../Middlewares/ST/threadx/ports/cortex_m33/gnu/inc -I../FileX/App -I../FileX/Target -I../Middlewares/ST/filex/common/inc -I../Middlewares/ST/filex/ports/generic/inc -O0 -ffunction-sections -fdata-sections -Wall -fstack-usage -fcyclomatic-complexity -MMD -MP -MF"Drivers/STM32U5xx_HAL_Driver/Src/stm32u5xx_hal_pwr.d" -MT"Drivers/STM32U5xx_HAL_Driver/Src/stm32u5xx_hal_pwr.o" --specs=nano.specs -mfpu=fpv5-sp-d16 -mfloat-abi=hard -mthumb -o "Drivers/STM32U5xx_HAL_Driver/Src/stm32u5xx_hal_pwr.o"
arm-none-eabi-gcc "../Drivers/STM32U5xx_HAL_Driver/Src/stm32u5xx_hal_pwr_ex.c" -mcpu=cortex-m33 -std=gnu11 -g3 -DDEBUG -DUSE_HAL_DRIVER -DSTM32U5G9xx -DUX_INCLUDE_USER_DEFINE_FILE -DTX_INCLUDE_USER_DEFINE_FILE -DTX_SINGLE_MODE_NON_SECURE=1 -DFX_INCLUDE_USER_DEFINE_FILE -c -I../Core/Inc -I../Drivers/STM32U5xx_HAL_Driver/Inc -I../Drivers/STM32U5xx_HAL_Driver/Inc/Legacy -I../Drivers/CMSIS/Device/ST/STM32U5xx/Include -I../Drivers/CMSIS/Include -I../USBX/App -I../USBX/Target -I../Middlewares/ST/usbx/common/core/inc -I../Middlewares/ST/usbx/ports/generic/inc -I../Middlewares/ST/usbx/common/usbx_stm32_device_controllers -I../Middlewares/ST/usbx/common/usbx_device_classes/inc -I../AZURE_RTOS/App -I../Middlewares/ST/threadx/common/inc -I../Middlewares/ST/threadx/ports/cortex_m33/gnu/inc -I../FileX/App -I../FileX/Target -I../Middlewares/ST/filex/common/inc -I../Middlewares/ST/filex/ports/generic/inc -O0 -ffunction-sections -fdata-sections -Wall -fstack-usage -fcyclomatic-complexity -MMD -MP -MF"Drivers/STM32U5xx_HAL_Driver/Src/stm32u5xx_hal_pwr_ex.d" -MT"Drivers/STM32U5xx_HAL_Driver/Src/stm32u5xx_hal_pwr_ex.o" --specs=nano.specs -mfpu=fpv5-sp-d16 -mfloat-abi=hard -mthumb -o "Drivers/STM32U5xx_HAL_Driver/Src/stm32u5xx_hal_pwr_ex.o"
arm-none-eabi-gcc "../Drivers/STM32U5xx_HAL_Driver/Src/stm32u5xx_hal_rcc.c" -mcpu=cortex-m33 -std=gnu11 -g3 -DDEBUG -DUSE_HAL_DRIVER -DSTM32U5G9xx -DUX_INCLUDE_USER_DEFINE_FILE -DTX_INCLUDE_USER_DEFINE_FILE -DTX_SINGLE_MODE_NON_SECURE=1 -DFX_INCLUDE_USER_DEFINE_FILE -c -I../Core/Inc -I../Drivers/STM32U5xx_HAL_Driver/Inc -I../Drivers/STM32U5xx_HAL_Driver/Inc/Legacy -I../Drivers/CMSIS/Device/ST/STM32U5xx/Include -I../Drivers/CMSIS/Include -I../USBX/App -I../USBX/Target -I../Middlewares/ST/usbx/common/core/inc -I../Middlewares/ST/usbx/ports/generic/inc -I../Middlewares/ST/usbx/common/usbx_stm32_device_controllers -I../Middlewares/ST/usbx/common/usbx_device_classes/inc -I../AZURE_RTOS/App -I../Middlewares/ST/threadx/common/inc -I../Middlewares/ST/threadx/ports/cortex_m33/gnu/inc -I../FileX/App -I../FileX/Target -I../Middlewares/ST/filex/common/inc -I../Middlewares/ST/filex/ports/generic/inc -O0 -ffunction-sections -fdata-sections -Wall -fstack-usage -fcyclomatic-complexity -MMD -MP -MF"Drivers/STM32U5xx_HAL_Driver/Src/stm32u5xx_hal_rcc.d" -MT"Drivers/STM32U5xx_HAL_Driver/Src/stm32u5xx_hal_rcc.o" --specs=nano.specs -mfpu=fpv5-sp-d16 -mfloat-abi=hard -mthumb -o "Drivers/STM32U5xx_HAL_Driver/Src/stm32u5xx_hal_rcc.o"
arm-none-eabi-gcc "../Drivers/STM32U5xx_HAL_Driver/Src/stm32u5xx_hal_rcc_ex.c" -mcpu=cortex-m33 -std=gnu11 -g3 -DDEBUG -DUSE_HAL_DRIVER -DSTM32U5G9xx -DUX_INCLUDE_USER_DEFINE_FILE -DTX_INCLUDE_USER_DEFINE_FILE -DTX_SINGLE_MODE_NON_SECURE=1 -DFX_INCLUDE_USER_DEFINE_FILE -c -I../Core/Inc -I../Drivers/STM32U5xx_HAL_Driver/Inc -I../Drivers/STM32U5xx_HAL_Driver/Inc/Legacy -I../Drivers/CMSIS/Device/ST/STM32U5xx/Include -I../Drivers/CMSIS/Include -I../USBX/App -I../USBX/Target -I../Middlewares/ST/usbx/common/core/inc -I../Middlewares/ST/usbx/ports/generic/inc -I../Middlewares/ST/usbx/common/usbx_stm32_device_controllers -I../Middlewares/ST/usbx/common/usbx_device_classes/inc -I../AZURE_RTOS/App -I../Middlewares/ST/threadx/common/inc -I../Middlewares/ST/threadx/ports/cortex_m33/gnu/inc -I../FileX/App -I../FileX/Target -I../Middlewares/ST/filex/common/inc -I../Middlewares/ST/filex/ports/generic/inc -O0 -ffunction-sections -fdata-sections -Wall -fstack-usage -fcyclomatic-complexity -MMD -MP -MF"Drivers/STM32U5xx_HAL_Driver/Src/stm32u5xx_hal_rcc_ex.d" -MT"Drivers/STM32U5xx_HAL_Driver/Src/stm32u5xx_hal_rcc_ex.o" --specs=nano.specs -mfpu=fpv5-sp-d16 -mfloat-abi=hard -mthumb -o "Drivers/STM32U5xx_HAL_Driver/Src/stm32u5xx_hal_rcc_ex.o"
arm-none-eabi-gcc "../Drivers/STM32U5xx_HAL_Driver/Src/stm32u5xx_hal_sd.c" -mcpu=cortex-m33 -std=gnu11 -g3 -DDEBUG -DUSE_HAL_DRIVER -DSTM32U5G9xx -DUX_INCLUDE_USER_DEFINE_FILE -DTX_INCLUDE_USER_DEFINE_FILE -DTX_SINGLE_MODE_NON_SECURE=1 -DFX_INCLUDE_USER_DEFINE_FILE -c -I../Core/Inc -I../Drivers/STM32U5xx_HAL_Driver/Inc -I../Drivers/STM32U5xx_HAL_Driver/Inc/Legacy -I../Drivers/CMSIS/Device/ST/STM32U5xx/Include -I../Drivers/CMSIS/Include -I../USBX/App -I../USBX/Target -I../Middlewares/ST/usbx/common/core/inc -I../Middlewares/ST/usbx/ports/generic/inc -I../Middlewares/ST/usbx/common/usbx_stm32_device_controllers -I../Middlewares/ST/usbx/common/usbx_device_classes/inc -I../AZURE_RTOS/App -I../Middlewares/ST/threadx/common/inc -I../Middlewares/ST/threadx/ports/cortex_m33/gnu/inc -I../FileX/App -I../FileX/Target -I../Middlewares/ST/filex/common/inc -I../Middlewares/ST/filex/ports/generic/inc -O0 -ffunction-sections -fdata-sections -Wall -fstack-usage -fcyclomatic-complexity -MMD -MP -MF"Drivers/STM32U5xx_HAL_Driver/Src/stm32u5xx_hal_sd.d" -MT"Drivers/STM32U5xx_HAL_Driver/Src/stm32u5xx_hal_sd.o" --specs=nano.specs -mfpu=fpv5-sp-d16 -mfloat-abi=hard -mthumb -o "Drivers/STM32U5xx_HAL_Driver/Src/stm32u5xx_hal_sd.o"
arm-none-eabi-gcc "../Drivers/STM32U5xx_HAL_Driver/Src/stm32u5xx_hal_sd_ex.c" -mcpu=cortex-m33 -std=gnu11 -g3 -DDEBUG -DUSE_HAL_DRIVER -DSTM32U5G9xx -DUX_INCLUDE_USER_DEFINE_FILE -DTX_INCLUDE_USER_DEFINE_FILE -DTX_SINGLE_MODE_NON_SECURE=1 -DFX_INCLUDE_USER_DEFINE_FILE -c -I../Core/Inc -I../Drivers/STM32U5xx_HAL_Driver/Inc -I../Drivers/STM32U5xx_HAL_Driver/Inc/Legacy -I../Drivers/CMSIS/Device/ST/STM32U5xx/Include -I../Drivers/CMSIS/Include -I../USBX/App -I../USBX/Target -I../Middlewares/ST/usbx/common/core/inc -I../Middlewares/ST/usbx/ports/generic/inc -I../Middlewares/ST/usbx/common/usbx_stm32_device_controllers -I../Middlewares/ST/usbx/common/usbx_device_classes/inc -I../AZURE_RTOS/App -I../Middlewares/ST/threadx/common/inc -I../Middlewares/ST/threadx/ports/cortex_m33/gnu/inc -I../FileX/App -I../FileX/Target -I../Middlewares/ST/filex/common/inc -I../Middlewares/ST/filex/ports/generic/inc -O0 -ffunction-sections -fdata-sections -Wall -fstack-usage -fcyclomatic-complexity -MMD -MP -MF"Drivers/STM32U5xx_HAL_Driver/Src/stm32u5xx_hal_sd_ex.d" -MT"Drivers/STM32U5xx_HAL_Driver/Src/stm32u5xx_hal_sd_ex.o" --specs=nano.specs -mfpu=fpv5-sp-d16 -mfloat-abi=hard -mthumb -o "Drivers/STM32U5xx_HAL_Driver/Src/stm32u5xx_hal_sd_ex.o"
arm-none-eabi-gcc "../Drivers/STM32U5xx_HAL_Driver/Src/stm32u5xx_hal_sdio.c" -mcpu=cortex-m33 -std=gnu11 -g3 -DDEBUG -DUSE_HAL_DRIVER -DSTM32U5G9xx -DUX_INCLUDE_USER_DEFINE_FILE -DTX_INCLUDE_USER_DEFINE_FILE -DTX_SINGLE_MODE_NON_SECURE=1 -DFX_INCLUDE_USER_DEFINE_FILE -c -I../Core/Inc -I../Drivers/STM32U5xx_HAL_Driver/Inc -I../Drivers/STM32U5xx_HAL_Driver/Inc/Legacy -I../Drivers/CMSIS/Device/ST/STM32U5xx/Include -I../Drivers/CMSIS/Include -I../USBX/App -I../USBX/Target -I../Middlewares/ST/usbx/common/core/inc -I../Middlewares/ST/usbx/ports/generic/inc -I../Middlewares/ST/usbx/common/usbx_stm32_device_controllers -I../Middlewares/ST/usbx/common/usbx_device_classes/inc -I../AZURE_RTOS/App -I../Middlewares/ST/threadx/common/inc -I../Middlewares/ST/threadx/ports/cortex_m33/gnu/inc -I../FileX/App -I../FileX/Target -I../Middlewares/ST/filex/common/inc -I../Middlewares/ST/filex/ports/generic/inc -O0 -ffunction-sections -fdata-sections -Wall -fstack-usage -fcyclomatic-complexity -MMD -MP -MF"Drivers/STM32U5xx_HAL_Driver/Src/stm32u5xx_hal_sdio.d" -MT"Drivers/STM32U5xx_HAL_Driver/Src/stm32u5xx_hal_sdio.o" --specs=nano.specs -mfpu=fpv5-sp-d16 -mfloat-abi=hard -mthumb -o "Drivers/STM32U5xx_HAL_Driver/Src/stm32u5xx_hal_sdio.o"
arm-none-eabi-gcc "../Drivers/STM32U5xx_HAL_Driver/Src/stm32u5xx_hal_tim.c" -mcpu=cortex-m33 -std=gnu11 -g3 -DDEBUG -DUSE_HAL_DRIVER -DSTM32U5G9xx -DUX_INCLUDE_USER_DEFINE_FILE -DTX_INCLUDE_USER_DEFINE_FILE -DTX_SINGLE_MODE_NON_SECURE=1 -DFX_INCLUDE_USER_DEFINE_FILE -c -I../Core/Inc -I../Drivers/STM32U5xx_HAL_Driver/Inc -I../Drivers/STM32U5xx_HAL_Driver/Inc/Legacy -I../Drivers/CMSIS/Device/ST/STM32U5xx/Include -I../Drivers/CMSIS/Include -I../USBX/App -I../USBX/Target -I../Middlewares/ST/usbx/common/core/inc -I../Middlewares/ST/usbx/ports/generic/inc -I../Middlewares/ST/usbx/common/usbx_stm32_device_controllers -I../Middlewares/ST/usbx/common/usbx_device_classes/inc -I../AZURE_RTOS/App -I../Middlewares/ST/threadx/common/inc -I../Middlewares/ST/threadx/ports/cortex_m33/gnu/inc -I../FileX/App -I../FileX/Target -I../Middlewares/ST/filex/common/inc -I../Middlewares/ST/filex/ports/generic/inc -O0 -ffunction-sections -fdata-sections -Wall -fstack-usage -fcyclomatic-complexity -MMD -MP -MF"Drivers/STM32U5xx_HAL_Driver/Src/stm32u5xx_hal_tim.d" -MT"Drivers/STM32U5xx_HAL_Driver/Src/stm32u5xx_hal_tim.o" --specs=nano.specs -mfpu=fpv5-sp-d16 -mfloat-abi=hard -mthumb -o "Drivers/STM32U5xx_HAL_Driver/Src/stm32u5xx_hal_tim.o"
arm-none-eabi-gcc "../Drivers/STM32U5xx_HAL_Driver/Src/stm32u5xx_hal_tim_ex.c" -mcpu=cortex-m33 -std=gnu11 -g3 -DDEBUG -DUSE_HAL_DRIVER -DSTM32U5G9xx -DUX_INCLUDE_USER_DEFINE_FILE -DTX_INCLUDE_USER_DEFINE_FILE -DTX_SINGLE_MODE_NON_SECURE=1 -DFX_INCLUDE_USER_DEFINE_FILE -c -I../Core/Inc -I../Drivers/STM32U5xx_HAL_Driver/Inc -I../Drivers/STM32U5xx_HAL_Driver/Inc/Legacy -I../Drivers/CMSIS/Device/ST/STM32U5xx/Include -I../Drivers/CMSIS/Include -I../USBX/App -I../USBX/Target -I../Middlewares/ST/usbx/common/core/inc -I../Middlewares/ST/usbx/ports/generic/inc -I../Middlewares/ST/usbx/common/usbx_stm32_device_controllers -I../Middlewares/ST/usbx/common/usbx_device_classes/inc -I../AZURE_RTOS/App -I../Middlewares/ST/threadx/common/inc -I../Middlewares/ST/threadx/ports/cortex_m33/gnu/inc -I../FileX/App -I../FileX/Target -I../Middlewares/ST/filex/common/inc -I../Middlewares/ST/filex/ports/generic/inc -O0 -ffunction-sections -fdata-sections -Wall -fstack-usage -fcyclomatic-complexity -MMD -MP -MF"Drivers/STM32U5xx_HAL_Driver/Src/stm32u5xx_hal_tim_ex.d" -MT"Drivers/STM32U5xx_HAL_Driver/Src/stm32u5xx_hal_tim_ex.o" --specs=nano.specs -mfpu=fpv5-sp-d16 -mfloat-abi=hard -mthumb -o "Drivers/STM32U5xx_HAL_Driver/Src/stm32u5xx_hal_tim_ex.o"
arm-none-eabi-gcc "../Drivers/STM32U5xx_HAL_Driver/Src/stm32u5xx_hal_uart.c" -mcpu=cortex-m33 -std=gnu11 -g3 -DDEBUG -DUSE_HAL_DRIVER -DSTM32U5G9xx -DUX_INCLUDE_USER_DEFINE_FILE -DTX_INCLUDE_USER_DEFINE_FILE -DTX_SINGLE_MODE_NON_SECURE=1 -DFX_INCLUDE_USER_DEFINE_FILE -c -I../Core/Inc -I../Drivers/STM32U5xx_HAL_Driver/Inc -I../Drivers/STM32U5xx_HAL_Driver/Inc/Legacy -I../Drivers/CMSIS/Device/ST/STM32U5xx/Include -I../Drivers/CMSIS/Include -I../USBX/App -I../USBX/Target -I../Middlewares/ST/usbx/common/core/inc -I../Middlewares/ST/usbx/ports/generic/inc -I../Middlewares/ST/usbx/common/usbx_stm32_device_controllers -I../Middlewares/ST/usbx/common/usbx_device_classes/inc -I../AZURE_RTOS/App -I../Middlewares/ST/threadx/common/inc -I../Middlewares/ST/threadx/ports/cortex_m33/gnu/inc -I../FileX/App -I../FileX/Target -I../Middlewares/ST/filex/common/inc -I../Middlewares/ST/filex/ports/generic/inc -O0 -ffunction-sections -fdata-sections -Wall -fstack-usage -fcyclomatic-complexity -MMD -MP -MF"Drivers/STM32U5xx_HAL_Driver/Src/stm32u5xx_hal_uart.d" -MT"Drivers/STM32U5xx_HAL_Driver/Src/stm32u5xx_hal_uart.o" --specs=nano.specs -mfpu=fpv5-sp-d16 -mfloat-abi=hard -mthumb -o "Drivers/STM32U5xx_HAL_Driver/Src/stm32u5xx_hal_uart.o"
arm-none-eabi-gcc "../Drivers/STM32U5xx_HAL_Driver/Src/stm32u5xx_hal_uart_ex.c" -mcpu=cortex-m33 -std=gnu11 -g3 -DDEBUG -DUSE_HAL_DRIVER -DSTM32U5G9xx -DUX_INCLUDE_USER_DEFINE_FILE -DTX_INCLUDE_USER_DEFINE_FILE -DTX_SINGLE_MODE_NON_SECURE=1 -DFX_INCLUDE_USER_DEFINE_FILE -c -I../Core/Inc -I../Drivers/STM32U5xx_HAL_Driver/Inc -I../Drivers/STM32U5xx_HAL_Driver/Inc/Legacy -I../Drivers/CMSIS/Device/ST/STM32U5xx/Include -I../Drivers/CMSIS/Include -I../USBX/App -I../USBX/Target -I../Middlewares/ST/usbx/common/core/inc -I../Middlewares/ST/usbx/ports/generic/inc -I../Middlewares/ST/usbx/common/usbx_stm32_device_controllers -I../Middlewares/ST/usbx/common/usbx_device_classes/inc -I../AZURE_RTOS/App -I../Middlewares/ST/threadx/common/inc -I../Middlewares/ST/threadx/ports/cortex_m33/gnu/inc -I../FileX/App -I../FileX/Target -I../Middlewares/ST/filex/common/inc -I../Middlewares/ST/filex/ports/generic/inc -O0 -ffunction-sections -fdata-sections -Wall -fstack-usage -fcyclomatic-complexity -MMD -MP -MF"Drivers/STM32U5xx_HAL_Driver/Src/stm32u5xx_hal_uart_ex.d" -MT"Drivers/STM32U5xx_HAL_Driver/Src/stm32u5xx_hal_uart_ex.o" --specs=nano.specs -mfpu=fpv5-sp-d16 -mfloat-abi=hard -mthumb -o "Drivers/STM32U5xx_HAL_Driver/Src/stm32u5xx_hal_uart_ex.o"
arm-none-eabi-gcc "../Drivers/STM32U5xx_HAL_Driver/Src/stm32u5xx_ll_dlyb.c" -mcpu=cortex-m33 -std=gnu11 -g3 -DDEBUG -DUSE_HAL_DRIVER -DSTM32U5G9xx -DUX_INCLUDE_USER_DEFINE_FILE -DTX_INCLUDE_USER_DEFINE_FILE -DTX_SINGLE_MODE_NON_SECURE=1 -DFX_INCLUDE_USER_DEFINE_FILE -c -I../Core/Inc -I../Drivers/STM32U5xx_HAL_Driver/Inc -I../Drivers/STM32U5xx_HAL_Driver/Inc/Legacy -I../Drivers/CMSIS/Device/ST/STM32U5xx/Include -I../Drivers/CMSIS/Include -I../USBX/App -I../USBX/Target -I../Middlewares/ST/usbx/common/core/inc -I../Middlewares/ST/usbx/ports/generic/inc -I../Middlewares/ST/usbx/common/usbx_stm32_device_controllers -I../Middlewares/ST/usbx/common/usbx_device_classes/inc -I../AZURE_RTOS/App -I../Middlewares/ST/threadx/common/inc -I../Middlewares/ST/threadx/ports/cortex_m33/gnu/inc -I../FileX/App -I../FileX/Target -I../Middlewares/ST/filex/common/inc -I../Middlewares/ST/filex/ports/generic/inc -O0 -ffunction-sections -fdata-sections -Wall -fstack-usage -fcyclomatic-complexity -MMD -MP -MF"Drivers/STM32U5xx_HAL_Driver/Src/stm32u5xx_ll_dlyb.d" -MT"Drivers/STM32U5xx_HAL_Driver/Src/stm32u5xx_ll_dlyb.o" --specs=nano.specs -mfpu=fpv5-sp-d16 -mfloat-abi=hard -mthumb -o "Drivers/STM32U5xx_HAL_Driver/Src/stm32u5xx_ll_dlyb.o"
arm-none-eabi-gcc "../Drivers/STM32U5xx_HAL_Driver/Src/stm32u5xx_ll_sdmmc.c" -mcpu=cortex-m33 -std=gnu11 -g3 -DDEBUG -DUSE_HAL_DRIVER -DSTM32U5G9xx -DUX_INCLUDE_USER_DEFINE_FILE -DTX_INCLUDE_USER_DEFINE_FILE -DTX_SINGLE_MODE_NON_SECURE=1 -DFX_INCLUDE_USER_DEFINE_FILE -c -I../Core/Inc -I../Drivers/STM32U5xx_HAL_Driver/Inc -I../Drivers/STM32U5xx_HAL_Driver/Inc/Legacy -I../Drivers/CMSIS/Device/ST/STM32U5xx/Include -I../Drivers/CMSIS/Include -I../USBX/App -I../USBX/Target -I../Middlewares/ST/usbx/common/core/inc -I../Middlewares/ST/usbx/ports/generic/inc -I../Middlewares/ST/usbx/common/usbx_stm32_device_controllers -I../Middlewares/ST/usbx/common/usbx_device_classes/inc -I../AZURE_RTOS/App -I../Middlewares/ST/threadx/common/inc -I../Middlewares/ST/threadx/ports/cortex_m33/gnu/inc -I../FileX/App -I../FileX/Target -I../Middlewares/ST/filex/common/inc -I../Middlewares/ST/filex/ports/generic/inc -O0 -ffunction-sections -fdata-sections -Wall -fstack-usage -fcyclomatic-complexity -MMD -MP -MF"Drivers/STM32U5xx_HAL_Driver/Src/stm32u5xx_ll_sdmmc.d" -MT"Drivers/STM32U5xx_HAL_Driver/Src/stm32u5xx_ll_sdmmc.o" --specs=nano.specs -mfpu=fpv5-sp-d16 -mfloat-abi=hard -mthumb -o "Drivers/STM32U5xx_HAL_Driver/Src/stm32u5xx_ll_sdmmc.o"
arm-none-eabi-gcc "../Drivers/STM32U5xx_HAL_Driver/Src/stm32u5xx_ll_usb.c" -mcpu=cortex-m33 -std=gnu11 -g3 -DDEBUG -DUSE_HAL_DRIVER -DSTM32U5G9xx -DUX_INCLUDE_USER_DEFINE_FILE -DTX_INCLUDE_USER_DEFINE_FILE -DTX_SINGLE_MODE_NON_SECURE=1 -DFX_INCLUDE_USER_DEFINE_FILE -c -I../Core/Inc -I../Drivers/STM32U5xx_HAL_Driver/Inc -I../Drivers/STM32U5xx_HAL_Driver/Inc/Legacy -I../Drivers/CMSIS/Device/ST/STM32U5xx/Include -I../Drivers/CMSIS/Include -I../USBX/App -I../USBX/Target -I../Middlewares/ST/usbx/common/core/inc -I../Middlewares/ST/usbx/ports/generic/inc -I../Middlewares/ST/usbx/common/usbx_stm32_device_controllers -I../Middlewares/ST/usbx/common/usbx_device_classes/inc -I../AZURE_RTOS/App -I../Middlewares/ST/threadx/common/inc -I../Middlewares/ST/threadx/ports/cortex_m33/gnu/inc -I../FileX/App -I../FileX/Target -I../Middlewares/ST/filex/common/inc -I../Middlewares/ST/filex/ports/generic/inc -O0 -ffunction-sections -fdata-sections -Wall -fstack-usage -fcyclomatic-complexity -MMD -MP -MF"Drivers/STM32U5xx_HAL_Driver/Src/stm32u5xx_ll_usb.d" -MT"Drivers/STM32U5xx_HAL_Driver/Src/stm32u5xx_ll_usb.o" --specs=nano.specs -mfpu=fpv5-sp-d16 -mfloat-abi=hard -mthumb -o "Drivers/STM32U5xx_HAL_Driver/Src/stm32u5xx_ll_usb.o"
arm-none-eabi-gcc "../Core/Src/FileX.c" -mcpu=cortex-m33 -std=gnu11 -g3 -DDEBUG -DUSE_HAL_DRIVER -DSTM32U5G9xx -DUX_INCLUDE_USER_DEFINE_FILE -DTX_INCLUDE_USER_DEFINE_FILE -DTX_SINGLE_MODE_NON_SECURE=1 -DFX_INCLUDE_USER_DEFINE_FILE -c -I../Core/Inc -I../Drivers/STM32U5xx_HAL_Driver/Inc -I../Drivers/STM32U5xx_HAL_Driver/Inc/Legacy -I../Drivers/CMSIS/Device/ST/STM32U5xx/Include -I../Drivers/CMSIS/Include -I../USBX/App -I../USBX/Target -I../Middlewares/ST/usbx/common/core/inc -I../Middlewares/ST/usbx/ports/generic/inc -I../Middlewares/ST/usbx/common/usbx_stm32_device_controllers -I../Middlewares/ST/usbx/common/usbx_device_classes/inc -I../AZURE_RTOS/App -I../Middlewares/ST/threadx/common/inc -I../Middlewares/ST/threadx/ports/cortex_m33/gnu/inc -I../FileX/App -I../FileX/Target -I../Middlewares/ST/filex/common/inc -I../Middlewares/ST/filex/ports/generic/inc -O0 -ffunction-sections -fdata-sections -Wall -fstack-usage -fcyclomatic-complexity -MMD -MP -MF"Core/Src/FileX.d" -MT"Core/Src/FileX.o" --specs=nano.specs -mfpu=fpv5-sp-d16 -mfloat-abi=hard -mthumb -o "Core/Src/FileX.o"
arm-none-eabi-gcc "../Core/Src/main.c" -mcpu=cortex-m33 -std=gnu11 -g3 -DDEBUG -DUSE_HAL_DRIVER -DSTM32U5G9xx -DUX_INCLUDE_USER_DEFINE_FILE -DTX_INCLUDE_USER_DEFINE_FILE -DTX_SINGLE_MODE_NON_SECURE=1 -DFX_INCLUDE_USER_DEFINE_FILE -c -I../Core/Inc -I../Drivers/STM32U5xx_HAL_Driver/Inc -I../Drivers/STM32U5xx_HAL_Driver/Inc/Legacy -I../Drivers/CMSIS/Device/ST/STM32U5xx/Include -I../Drivers/CMSIS/Include -I../USBX/App -I../USBX/Target -I../Middlewares/ST/usbx/common/core/inc -I../Middlewares/ST/usbx/ports/generic/inc -I../Middlewares/ST/usbx/common/usbx_stm32_device_controllers -I../Middlewares/ST/usbx/common/usbx_device_classes/inc -I../AZURE_RTOS/App -I../Middlewares/ST/threadx/common/inc -I../Middlewares/ST/threadx/ports/cortex_m33/gnu/inc -I../FileX/App -I../FileX/Target -I../Middlewares/ST/filex/common/inc -I../Middlewares/ST/filex/ports/generic/inc -O0 -ffunction-sections -fdata-sections -Wall -fstack-usage -fcyclomatic-complexity -MMD -MP -MF"Core/Src/main.d" -MT"Core/Src/main.o" --specs=nano.specs -mfpu=fpv5-sp-d16 -mfloat-abi=hard -mthumb -o "Core/Src/main.o"
arm-none-eabi-gcc "../Core/Src/stm32u5xx_hal_msp.c" -mcpu=cortex-m33 -std=gnu11 -g3 -DDEBUG -DUSE_HAL_DRIVER -DSTM32U5G9xx -DUX_INCLUDE_USER_DEFINE_FILE -DTX_INCLUDE_USER_DEFINE_FILE -DTX_SINGLE_MODE_NON_SECURE=1 -DFX_INCLUDE_USER_DEFINE_FILE -c -I../Core/Inc -I../Drivers/STM32U5xx_HAL_Driver/Inc -I../Drivers/STM32U5xx_HAL_Driver/Inc/Legacy -I../Drivers/CMSIS/Device/ST/STM32U5xx/Include -I../Drivers/CMSIS/Include -I../USBX/App -I../USBX/Target -I../Middlewares/ST/usbx/common/core/inc -I../Middlewares/ST/usbx/ports/generic/inc -I../Middlewares/ST/usbx/common/usbx_stm32_device_controllers -I../Middlewares/ST/usbx/common/usbx_device_classes/inc -I../AZURE_RTOS/App -I../Middlewares/ST/threadx/common/inc -I../Middlewares/ST/threadx/ports/cortex_m33/gnu/inc -I../FileX/App -I../FileX/Target -I../Middlewares/ST/filex/common/inc -I../Middlewares/ST/filex/ports/generic/inc -O0 -ffunction-sections -fdata-sections -Wall -fstack-usage -fcyclomatic-complexity -MMD -MP -MF"Core/Src/stm32u5xx_hal_msp.d" -MT"Core/Src/stm32u5xx_hal_msp.o" --specs=nano.specs -mfpu=fpv5-sp-d16 -mfloat-abi=hard -mthumb -o "Core/Src/stm32u5xx_hal_msp.o"
arm-none-eabi-gcc "../Core/Src/stm32u5xx_hal_timebase_tim.c" -mcpu=cortex-m33 -std=gnu11 -g3 -DDEBUG -DUSE_HAL_DRIVER -DSTM32U5G9xx -DUX_INCLUDE_USER_DEFINE_FILE -DTX_INCLUDE_USER_DEFINE_FILE -DTX_SINGLE_MODE_NON_SECURE=1 -DFX_INCLUDE_USER_DEFINE_FILE -c -I../Core/Inc -I../Drivers/STM32U5xx_HAL_Driver/Inc -I../Drivers/STM32U5xx_HAL_Driver/Inc/Legacy -I../Drivers/CMSIS/Device/ST/STM32U5xx/Include -I../Drivers/CMSIS/Include -I../USBX/App -I../USBX/Target -I../Middlewares/ST/usbx/common/core/inc -I../Middlewares/ST/usbx/ports/generic/inc -I../Middlewares/ST/usbx/common/usbx_stm32_device_controllers -I../Middlewares/ST/usbx/common/usbx_device_classes/inc -I../AZURE_RTOS/App -I../Middlewares/ST/threadx/common/inc -I../Middlewares/ST/threadx/ports/cortex_m33/gnu/inc -I../FileX/App -I../FileX/Target -I../Middlewares/ST/filex/common/inc -I../Middlewares/ST/filex/ports/generic/inc -O0 -ffunction-sections -fdata-sections -Wall -fstack-usage -fcyclomatic-complexity -MMD -MP -MF"Core/Src/stm32u5xx_hal_timebase_tim.d" -MT"Core/Src/stm32u5xx_hal_timebase_tim.o" --specs=nano.specs -mfpu=fpv5-sp-d16 -mfloat-abi=hard -mthumb -o "Core/Src/stm32u5xx_hal_timebase_tim.o"
arm-none-eabi-gcc "../Core/Src/stm32u5xx_it.c" -mcpu=cortex-m33 -std=gnu11 -g3 -DDEBUG -DUSE_HAL_DRIVER -DSTM32U5G9xx -DUX_INCLUDE_USER_DEFINE_FILE -DTX_INCLUDE_USER_DEFINE_FILE -DTX_SINGLE_MODE_NON_SECURE=1 -DFX_INCLUDE_USER_DEFINE_FILE -c -I../Core/Inc -I../Drivers/STM32U5xx_HAL_Driver/Inc -I../Drivers/STM32U5xx_HAL_Driver/Inc/Legacy -I../Drivers/CMSIS/Device/ST/STM32U5xx/Include -I../Drivers/CMSIS/Include -I../USBX/App -I../USBX/Target -I../Middlewares/ST/usbx/common/core/inc -I../Middlewares/ST/usbx/ports/generic/inc -I../Middlewares/ST/usbx/common/usbx_stm32_device_controllers -I../Middlewares/ST/usbx/common/usbx_device_classes/inc -I../AZURE_RTOS/App -I../Middlewares/ST/threadx/common/inc -I../Middlewares/ST/threadx/ports/cortex_m33/gnu/inc -I../FileX/App -I../FileX/Target -I../Middlewares/ST/filex/common/inc -I../Middlewares/ST/filex/ports/generic/inc -O0 -ffunction-sections -fdata-sections -Wall -fstack-usage -fcyclomatic-complexity -MMD -MP -MF"Core/Src/stm32u5xx_it.d" -MT"Core/Src/stm32u5xx_it.o" --specs=nano.specs -mfpu=fpv5-sp-d16 -mfloat-abi=hard -mthumb -o "Core/Src/stm32u5xx_it.o"
../Core/Src/FileX.c: In function 'Open_N_write':
../Core/Src/FileX.c:77:17: warning: unused variable 'check_buffer' [-Wunused-variable]
   77 |         uint8_t check_buffer[] = "hgfdsdfghjlkjhgfds\n\r";
      |                 ^~~~~~~~~~~~
arm-none-eabi-gcc "../Core/Src/system_stm32u5xx.c" -mcpu=cortex-m33 -std=gnu11 -g3 -DDEBUG -DUSE_HAL_DRIVER -DSTM32U5G9xx -DUX_INCLUDE_USER_DEFINE_FILE -DTX_INCLUDE_USER_DEFINE_FILE -DTX_SINGLE_MODE_NON_SECURE=1 -DFX_INCLUDE_USER_DEFINE_FILE -c -I../Core/Inc -I../Drivers/STM32U5xx_HAL_Driver/Inc -I../Drivers/STM32U5xx_HAL_Driver/Inc/Legacy -I../Drivers/CMSIS/Device/ST/STM32U5xx/Include -I../Drivers/CMSIS/Include -I../USBX/App -I../USBX/Target -I../Middlewares/ST/usbx/common/core/inc -I../Middlewares/ST/usbx/ports/generic/inc -I../Middlewares/ST/usbx/common/usbx_stm32_device_controllers -I../Middlewares/ST/usbx/common/usbx_device_classes/inc -I../AZURE_RTOS/App -I../Middlewares/ST/threadx/common/inc -I../Middlewares/ST/threadx/ports/cortex_m33/gnu/inc -I../FileX/App -I../FileX/Target -I../Middlewares/ST/filex/common/inc -I../Middlewares/ST/filex/ports/generic/inc -O0 -ffunction-sections -fdata-sections -Wall -fstack-usage -fcyclomatic-complexity -MMD -MP -MF"Core/Src/system_stm32u5xx.d" -MT"Core/Src/system_stm32u5xx.o" --specs=nano.specs -mfpu=fpv5-sp-d16 -mfloat-abi=hard -mthumb -o "Core/Src/system_stm32u5xx.o"
arm-none-eabi-gcc "../AZURE_RTOS/App/app_azure_rtos.c" -mcpu=cortex-m33 -std=gnu11 -g3 -DDEBUG -DUSE_HAL_DRIVER -DSTM32U5G9xx -DUX_INCLUDE_USER_DEFINE_FILE -DTX_INCLUDE_USER_DEFINE_FILE -DTX_SINGLE_MODE_NON_SECURE=1 -DFX_INCLUDE_USER_DEFINE_FILE -c -I../Core/Inc -I../Drivers/STM32U5xx_HAL_Driver/Inc -I../Drivers/STM32U5xx_HAL_Driver/Inc/Legacy -I../Drivers/CMSIS/Device/ST/STM32U5xx/Include -I../Drivers/CMSIS/Include -I../USBX/App -I../USBX/Target -I../Middlewares/ST/usbx/common/core/inc -I../Middlewares/ST/usbx/ports/generic/inc -I../Middlewares/ST/usbx/common/usbx_stm32_device_controllers -I../Middlewares/ST/usbx/common/usbx_device_classes/inc -I../AZURE_RTOS/App -I../Middlewares/ST/threadx/common/inc -I../Middlewares/ST/threadx/ports/cortex_m33/gnu/inc -I../FileX/App -I../FileX/Target -I../Middlewares/ST/filex/common/inc -I../Middlewares/ST/filex/ports/generic/inc -O0 -ffunction-sections -fdata-sections -Wall -fstack-usage -fcyclomatic-complexity -MMD -MP -MF"AZURE_RTOS/App/app_azure_rtos.d" -MT"AZURE_RTOS/App/app_azure_rtos.o" --specs=nano.specs -mfpu=fpv5-sp-d16 -mfloat-abi=hard -mthumb -o "AZURE_RTOS/App/app_azure_rtos.o"
arm-none-eabi-gcc -o "usb_cdc_acm_dk1.elf" @"objects.list"   -mcpu=cortex-m33 -T"C:\Users\RameshcharyVadla\OneDrive - ILENSYS TECHNOLOGIES PVT. LTD\STM32_H_L\usb_cdc_acm_dk1\usb_cdc_acm_dk1\STM32U5G9NJHXQ_FLASH.ld" --specs=nosys.specs -Wl,-Map="usb_cdc_acm_dk1.map" -Wl,--gc-sections -static --specs=nano.specs -mfpu=fpv5-sp-d16 -mfloat-abi=hard -mthumb -Wl,--start-group -lc -lm -Wl,--end-group
Finished building target: usb_cdc_acm_dk1.elf
 
arm-none-eabi-size  usb_cdc_acm_dk1.elf 
arm-none-eabi-objdump -h -S usb_cdc_acm_dk1.elf  > "usb_cdc_acm_dk1.list"
   text	   data	    bss	    dec	    hex	filename
  88496	    108	  21044	 109648	  1ac50	usb_cdc_acm_dk1.elf
Finished building: default.size.stdout
 
Finished building: usb_cdc_acm_dk1.list
 

09:52:02 Build Finished. 0 errors, 6 warnings. (took 54s.60ms)

